[1.194s] Invoking command in '/home/alan/Documents/bristol_fsai_sim-docker/build/eufs_sensors': DEBUGINFOD_URLS=https://debuginfod.ubuntu.com /usr/bin/cmake /home/alan/Documents/bristol_fsai_sim-docker/eufs_sim/eufs_sensors -DAMENT_CMAKE_SYMLINK_INSTALL=1 -DCMAKE_INSTALL_PREFIX=/home/alan/Documents/bristol_fsai_sim-docker/install/eufs_sensors
[1.234s] [31mCMake Error at CMakeLists.txt:19 (find_package):
[1.234s]   By not providing "Findament_cmake.cmake" in CMAKE_MODULE_PATH this project
[1.234s]   has asked CMake to find a package configuration file provided by
[1.234s]   "ament_cmake", but CMake did not find one.
[1.234s] 
[1.234s]   Could not find a package configuration file provided by "ament_cmake" with
[1.234s]   any of the following names:
[1.234s] 
[1.235s]     ament_cmakeConfig.cmake
[1.235s]     ament_cmake-config.cmake
[1.235s] 
[1.235s]   Add the installation prefix of "ament_cmake" to CMAKE_PREFIX_PATH or set
[1.235s]   "ament_cmake_DIR" to a directory containing one of the above files.  If
[1.235s]   "ament_cmake" provides a separate development package or SDK, be sure it
[1.235s]   has been installed.
[1.236s] 
[1.236s] [0m
[1.236s] -- Configuring incomplete, errors occurred!
[1.600s] Invoked command in '/home/alan/Documents/bristol_fsai_sim-docker/build/eufs_sensors' returned '1': DEBUGINFOD_URLS=https://debuginfod.ubuntu.com /usr/bin/cmake /home/alan/Documents/bristol_fsai_sim-docker/eufs_sim/eufs_sensors -DAMENT_CMAKE_SYMLINK_INSTALL=1 -DCMAKE_INSTALL_PREFIX=/home/alan/Documents/bristol_fsai_sim-docker/install/eufs_sensors
