[1.683s] Invoking command in '/bristol_fsai_sim-docker/build/eufs_rqt': AMENT_PREFIX_PATH=/bristol_fsai_sim-docker/install/eufs_msgs:${AMENT_PREFIX_PATH} CMAKE_PREFIX_PATH=/bristol_fsai_sim-docker/install/eufs_msgs LD_LIBRARY_PATH=/bristol_fsai_sim-docker/install/eufs_msgs/lib:${LD_LIBRARY_PATH} PYTHONPATH=/bristol_fsai_sim-docker/build/eufs_rqt/prefix_override:/bristol_fsai_sim-docker/install/eufs_rqt/lib/python3.8/site-packages:/bristol_fsai_sim-docker/install/eufs_msgs/lib/python3.8/site-packages:${PYTHONPATH} /usr/bin/python3 setup.py develop --editable --build-directory /bristol_fsai_sim-docker/build/eufs_rqt/build --no-deps install_data
[2.298s] running develop
[2.597s] running egg_info
[2.598s] creating src/eufs_rqt.egg-info
[2.598s] writing src/eufs_rqt.egg-info/PKG-INFO
[2.598s] writing dependency_links to src/eufs_rqt.egg-info/dependency_links.txt
[2.598s] writing requirements to src/eufs_rqt.egg-info/requires.txt
[2.598s] writing top-level names to src/eufs_rqt.egg-info/top_level.txt
[2.602s] writing manifest file 'src/eufs_rqt.egg-info/SOURCES.txt'
[2.699s] reading manifest file 'src/eufs_rqt.egg-info/SOURCES.txt'
[2.700s] writing manifest file 'src/eufs_rqt.egg-info/SOURCES.txt'
[2.801s] running build_ext
[2.802s] Creating /bristol_fsai_sim-docker/install/eufs_rqt/lib/python3.8/site-packages/site.py
[2.808s] Creating /bristol_fsai_sim-docker/install/eufs_rqt/lib/python3.8/site-packages/eufs-rqt.egg-link (link to src)
[2.817s] Installing eufs_robot_steering_gui script to /bristol_fsai_sim-docker/install/eufs_rqt/lib/eufs_rqt
[2.817s] Installing mission_control_gui script to /bristol_fsai_sim-docker/install/eufs_rqt/lib/eufs_rqt
[2.818s] 
[2.818s] Installed /bristol_fsai_sim-docker/build/eufs_rqt/src
[2.823s] running install_data
[2.823s] creating /bristol_fsai_sim-docker/install/eufs_rqt/share/eufs_rqt/config
[2.823s] copying config/eufs_sim.perspective -> /bristol_fsai_sim-docker/install/eufs_rqt/share/eufs_rqt/config
[2.823s] copying config/topics_frequency.perspective -> /bristol_fsai_sim-docker/install/eufs_rqt/share/eufs_rqt/config
[2.825s] copying config/topics_frequency_config.yaml -> /bristol_fsai_sim-docker/install/eufs_rqt/share/eufs_rqt/config
[2.825s] creating /bristol_fsai_sim-docker/install/eufs_rqt/share/eufs_rqt/resource
[2.825s] copying resource/EUFSRobotSteeringGUI.ui -> /bristol_fsai_sim-docker/install/eufs_rqt/share/eufs_rqt/resource
[2.826s] copying resource/MissionControlGUI.ui -> /bristol_fsai_sim-docker/install/eufs_rqt/share/eufs_rqt/resource
[2.826s] copying plugin.xml -> /bristol_fsai_sim-docker/install/eufs_rqt/share/eufs_rqt
[2.826s] creating /bristol_fsai_sim-docker/install/eufs_rqt/share/ament_index
[2.826s] creating /bristol_fsai_sim-docker/install/eufs_rqt/share/ament_index/resource_index
[2.826s] creating /bristol_fsai_sim-docker/install/eufs_rqt/share/ament_index/resource_index/packages
[2.826s] copying resource/eufs_rqt -> /bristol_fsai_sim-docker/install/eufs_rqt/share/ament_index/resource_index/packages
[2.828s] copying package.xml -> /bristol_fsai_sim-docker/install/eufs_rqt/share/eufs_rqt
[2.875s] Invoked command in '/bristol_fsai_sim-docker/build/eufs_rqt' returned '0': AMENT_PREFIX_PATH=/bristol_fsai_sim-docker/install/eufs_msgs:${AMENT_PREFIX_PATH} CMAKE_PREFIX_PATH=/bristol_fsai_sim-docker/install/eufs_msgs LD_LIBRARY_PATH=/bristol_fsai_sim-docker/install/eufs_msgs/lib:${LD_LIBRARY_PATH} PYTHONPATH=/bristol_fsai_sim-docker/build/eufs_rqt/prefix_override:/bristol_fsai_sim-docker/install/eufs_rqt/lib/python3.8/site-packages:/bristol_fsai_sim-docker/install/eufs_msgs/lib/python3.8/site-packages:${PYTHONPATH} /usr/bin/python3 setup.py develop --editable --build-directory /bristol_fsai_sim-docker/build/eufs_rqt/build --no-deps install_data
