[1.217s] Invoking command in '/home/alan/Documents/bristol_fsai_sim-docker/build/eufs_sensors': DEBUGINFOD_URLS=https://debuginfod.ubuntu.com /usr/bin/cmake /home/alan/Documents/bristol_fsai_sim-docker/eufs_sim/eufs_sensors -DAMENT_CMAKE_SYMLINK_INSTALL=1 -DCMAKE_INSTALL_PREFIX=/home/alan/Documents/bristol_fsai_sim-docker/install/eufs_sensors
[1.642s] -- The C compiler identification is GNU 13.3.0
[1.642s] -- The CXX compiler identification is GNU 13.3.0
[1.642s] -- Detecting C compiler ABI info
[1.643s] -- Detecting C compiler ABI info - done
[1.643s] -- Check for working C compiler: /usr/bin/cc - skipped
[1.643s] -- Detecting C compile features
[1.643s] -- Detecting C compile features - done
[1.643s] -- Detecting CXX compiler ABI info
[1.803s] -- Detecting CXX compiler ABI info - done
[1.822s] -- Check for working CXX compiler: /usr/bin/c++ - skipped
[1.823s] -- Detecting CXX compile features
[1.824s] -- Detecting CXX compile features - done
[1.842s] [31mCMake Error at CMakeLists.txt:19 (find_package):
[1.842s]   By not providing "Findament_cmake.cmake" in CMAKE_MODULE_PATH this project
[1.842s]   has asked CMake to find a package configuration file provided by
[1.843s]   "ament_cmake", but CMake did not find one.
[1.843s] 
[1.843s]   Could not find a package configuration file provided by "ament_cmake" with
[1.843s]   any of the following names:
[1.844s] 
[1.844s]     ament_cmakeConfig.cmake
[1.844s]     ament_cmake-config.cmake
[1.844s] 
[1.844s]   Add the installation prefix of "ament_cmake" to CMAKE_PREFIX_PATH or set
[1.845s]   "ament_cmake_DIR" to a directory containing one of the above files.  If
[1.845s]   "ament_cmake" provides a separate development package or SDK, be sure it
[1.845s]   has been installed.
[1.845s] 
[1.846s] [0m
[1.846s] -- Configuring incomplete, errors occurred!
