[1.471s] Invoking command in '/bristol_fsai_sim-docker/build/eufs_sensors': CMAKE_PREFIX_PATH=/opt/ros/galactic /usr/bin/cmake /bristol_fsai_sim-docker/eufs_sim/eufs_sensors -DAMENT_CMAKE_SYMLINK_INSTALL=1 -DCMAKE_INSTALL_PREFIX=/bristol_fsai_sim-docker/install/eufs_sensors
[1.994s] -- The C compiler identification is GNU 9.4.0
[1.995s] -- The CXX compiler identification is GNU 9.4.0
[1.995s] -- Check for working C compiler: /usr/bin/cc
[1.995s] -- Check for working C compiler: /usr/bin/cc -- works
[1.996s] -- Detecting C compiler ABI info
[2.170s] -- Detecting C compiler ABI info - done
[2.251s] -- Detecting C compile features
[2.251s] -- Detecting C compile features - done
[2.317s] -- Check for working CXX compiler: /usr/bin/c++
[2.638s] -- Check for working CXX compiler: /usr/bin/c++ -- works
[2.645s] -- Detecting CXX compiler ABI info
[2.997s] -- Detecting CXX compiler ABI info - done
[3.030s] -- Detecting CXX compile features
[3.032s] -- Detecting CXX compile features - done
[3.053s] -- Found ament_cmake: 1.1.6 (/opt/ros/galactic/share/ament_cmake/cmake)
[3.162s] -- Found PythonInterp: /usr/bin/python3 (found suitable version "3.8.10", minimum required is "3") 
[3.163s] -- Using PYTHON_EXECUTABLE: /usr/bin/python3
[3.319s] -- Override CMake install command with custom implementation using symlinks instead of copying resources
[3.400s] -- Found ament_lint_auto: 0.10.7 (/opt/ros/galactic/share/ament_lint_auto/cmake)
[3.710s] -- Added test 'copyright' to check source files copyright and LICENSE
[3.714s] -- Added test 'lint_cmake' to check CMake code style
[3.719s] -- Added test 'xmllint' to check XML markup files
[3.751s] -- Configuring done
[3.772s] -- Generating done
[3.776s] -- Build files have been written to: /bristol_fsai_sim-docker/build/eufs_sensors
[3.811s] Invoked command in '/bristol_fsai_sim-docker/build/eufs_sensors' returned '0': CMAKE_PREFIX_PATH=/opt/ros/galactic /usr/bin/cmake /bristol_fsai_sim-docker/eufs_sim/eufs_sensors -DAMENT_CMAKE_SYMLINK_INSTALL=1 -DCMAKE_INSTALL_PREFIX=/bristol_fsai_sim-docker/install/eufs_sensors
[3.812s] Invoking command in '/bristol_fsai_sim-docker/build/eufs_sensors': CMAKE_PREFIX_PATH=/opt/ros/galactic /usr/bin/cmake --build /bristol_fsai_sim-docker/build/eufs_sensors -- -j8 -l8
[3.985s] Invoked command in '/bristol_fsai_sim-docker/build/eufs_sensors' returned '0': CMAKE_PREFIX_PATH=/opt/ros/galactic /usr/bin/cmake --build /bristol_fsai_sim-docker/build/eufs_sensors -- -j8 -l8
[4.132s] Invoking command in '/bristol_fsai_sim-docker/build/eufs_sensors': CMAKE_PREFIX_PATH=/opt/ros/galactic /usr/bin/cmake --install /bristol_fsai_sim-docker/build/eufs_sensors
[4.160s] -- Install configuration: ""
[4.162s] -- Execute custom install script
[4.165s] -- Symlinking: /bristol_fsai_sim-docker/install/eufs_sensors/share/eufs_sensors/meshes/VLP16_base_1.dae
[4.203s] -- Symlinking: /bristol_fsai_sim-docker/install/eufs_sensors/share/eufs_sensors/meshes/VLP16_base_2.dae
[4.322s] -- Symlinking: /bristol_fsai_sim-docker/install/eufs_sensors/share/eufs_sensors/meshes/VLP16_scan.dae
[4.388s] -- Symlinking: /bristol_fsai_sim-docker/install/eufs_sensors/share/eufs_sensors/meshes/antenna_3GO16.dae
[4.486s] -- Symlinking: /bristol_fsai_sim-docker/install/eufs_sensors/share/eufs_sensors/meshes/antenna_3GO16.stl
[4.520s] -- Symlinking: /bristol_fsai_sim-docker/install/eufs_sensors/share/eufs_sensors/meshes/zed.dae
[4.585s] -- Symlinking: /bristol_fsai_sim-docker/install/eufs_sensors/share/eufs_sensors/urdf/VLP-16R.urdf.xacro
[4.606s] -- Symlinking: /bristol_fsai_sim-docker/install/eufs_sensors/share/eufs_sensors/urdf/all_sensors.urdf.xacro
[4.696s] -- Symlinking: /bristol_fsai_sim-docker/install/eufs_sensors/share/eufs_sensors/urdf/gps.urdf.xacro
[4.738s] -- Symlinking: /bristol_fsai_sim-docker/install/eufs_sensors/share/eufs_sensors/urdf/imu.urdf.xacro
[4.741s] -- Symlinking: /bristol_fsai_sim-docker/install/eufs_sensors/share/eufs_sensors/urdf/magnetometer.urdf.xacro
[4.753s] -- Symlinking: /bristol_fsai_sim-docker/install/eufs_sensors/share/eufs_sensors/urdf/zed.urdf.xacro
[4.796s] -- Symlinking: /bristol_fsai_sim-docker/install/eufs_sensors/share/ament_index/resource_index/package_run_dependencies/eufs_sensors
[4.828s] -- Symlinking: /bristol_fsai_sim-docker/install/eufs_sensors/share/ament_index/resource_index/parent_prefix_path/eufs_sensors
[4.857s] -- Symlinking: /bristol_fsai_sim-docker/install/eufs_sensors/share/eufs_sensors/environment/ament_prefix_path.sh
[4.886s] -- Symlinking: /bristol_fsai_sim-docker/install/eufs_sensors/share/eufs_sensors/environment/ament_prefix_path.dsv
[4.914s] -- Symlinking: /bristol_fsai_sim-docker/install/eufs_sensors/share/eufs_sensors/environment/path.sh
[4.950s] -- Symlinking: /bristol_fsai_sim-docker/install/eufs_sensors/share/eufs_sensors/environment/path.dsv
[4.978s] -- Symlinking: /bristol_fsai_sim-docker/install/eufs_sensors/share/eufs_sensors/local_setup.bash
[5.002s] -- Symlinking: /bristol_fsai_sim-docker/install/eufs_sensors/share/eufs_sensors/local_setup.sh
[5.022s] -- Symlinking: /bristol_fsai_sim-docker/install/eufs_sensors/share/eufs_sensors/local_setup.zsh
[5.047s] -- Symlinking: /bristol_fsai_sim-docker/install/eufs_sensors/share/eufs_sensors/local_setup.dsv
[5.074s] -- Symlinking: /bristol_fsai_sim-docker/install/eufs_sensors/share/eufs_sensors/package.dsv
[5.099s] -- Symlinking: /bristol_fsai_sim-docker/install/eufs_sensors/share/ament_index/resource_index/packages/eufs_sensors
[5.126s] -- Symlinking: /bristol_fsai_sim-docker/install/eufs_sensors/share/eufs_sensors/cmake/ament_cmake_export_dependencies-extras.cmake
[5.153s] -- Symlinking: /bristol_fsai_sim-docker/install/eufs_sensors/share/eufs_sensors/cmake/eufs_sensorsConfig.cmake
[5.182s] -- Symlinking: /bristol_fsai_sim-docker/install/eufs_sensors/share/eufs_sensors/cmake/eufs_sensorsConfig-version.cmake
[5.204s] -- Symlinking: /bristol_fsai_sim-docker/install/eufs_sensors/share/eufs_sensors/package.xml
[5.434s] Invoked command in '/bristol_fsai_sim-docker/build/eufs_sensors' returned '0': CMAKE_PREFIX_PATH=/opt/ros/galactic /usr/bin/cmake --install /bristol_fsai_sim-docker/build/eufs_sensors
