-- The C compiler identification is GNU 9.4.0
-- The CXX compiler identification is GNU 9.4.0
-- Check for working C compiler: /usr/bin/cc
-- Check for working C compiler: /usr/bin/cc -- works
-- Detecting C compiler ABI info
-- Detecting C compiler ABI info - done
-- Detecting C compile features
-- Detecting C compile features - done
-- Check for working CXX compiler: /usr/bin/c++
-- Check for working CXX compiler: /usr/bin/c++ -- works
-- Detecting CXX compiler ABI info
-- Detecting CXX compiler ABI info - done
-- Detecting CXX compile features
-- Detecting CXX compile features - done
-- Found ament_cmake: 1.1.6 (/opt/ros/galactic/share/ament_cmake/cmake)
-- Found PythonInterp: /usr/bin/python3 (found suitable version "3.8.10", minimum required is "3") 
-- Using PYTHON_EXECUTABLE: /usr/bin/python3
-- Override CMake install command with custom implementation using symlinks instead of copying resources
-- Found eigen3_cmake_module: 0.1.1 (/opt/ros/galactic/share/eigen3_cmake_module/cmake)
-- Found pluginlib: 5.0.1 (/opt/ros/galactic/share/pluginlib/cmake)
-- Found rviz_common: 8.5.2 (/opt/ros/galactic/share/rviz_common/cmake)
-- Setting OGRE_DIR to: '/opt/ros/galactic/share/rviz_ogre_vendor/cmake/../../../opt/rviz_ogre_vendor/lib/OGRE/cmake'
-- Found OGRE
--   static     : OFF
--   components : HLMS;MeshLodGenerator;Overlay;Paging;Property;RTShaderSystem;Terrain;Volume
--   plugins    : Plugin_BSPSceneManager;Plugin_OctreeSceneManager;Plugin_PCZSceneManager;Plugin_ParticleFX;RenderSystem_GL;RenderSystem_GL3Plus;Codec_STBI
--   media      : /opt/ros/galactic/opt/rviz_ogre_vendor/share/OGRE/Media
-- OGRE_LIBRARIES: OgreHLMS;OgreMeshLodGenerator;OgreOverlay;OgrePaging;OgreProperty;OgreRTShaderSystem;OgreTerrain;OgreVolume;OgreMain
-- OGRE_LIBRARY_DIRS: /opt/ros/galactic/opt/rviz_ogre_vendor/lib
-- OGRE_PLUGINS: Plugin_BSPSceneManager;Plugin_OctreeSceneManager;Plugin_PCZSceneManager;Plugin_ParticleFX;RenderSystem_GL;RenderSystem_GL3Plus;Codec_STBI
-- OGRE_PLUGIN_DIR: /opt/ros/galactic/opt/rviz_ogre_vendor/lib/OGRE
-- rviz_ogre_vendor::OgreOverlay for IMPORTED_LOCATION_RELEASE: /opt/ros/galactic/opt/rviz_ogre_vendor/lib/libOgreOverlay.so
-- rviz_ogre_vendor::OgreOverlay for IMPORTED_LOCATION_DEBUG: /opt/ros/galactic/opt/rviz_ogre_vendor/lib/libOgreOverlay.so
-- rviz_ogre_vendor::OgreMain for IMPORTED_LOCATION_RELEASE: /opt/ros/galactic/opt/rviz_ogre_vendor/lib/libOgreMain.so
-- rviz_ogre_vendor::OgreMain for IMPORTED_LOCATION_DEBUG: /opt/ros/galactic/opt/rviz_ogre_vendor/lib/libOgreMain.so
-- Found ZLIB: /usr/lib/x86_64-linux-gnu/libz.so (found version "1.2.11") 
-- Found OpenGL: /usr/lib/x86_64-linux-gnu/libOpenGL.so   
-- Found X11: /usr/include   
-- Looking for XOpenDisplay in /usr/lib/x86_64-linux-gnu/libX11.so;/usr/lib/x86_64-linux-gnu/libXext.so
-- Looking for XOpenDisplay in /usr/lib/x86_64-linux-gnu/libX11.so;/usr/lib/x86_64-linux-gnu/libXext.so - found
-- Looking for gethostbyname
-- Looking for gethostbyname - found
-- Looking for connect
-- Looking for connect - found
-- Looking for remove
-- Looking for remove - found
-- Looking for shmat
-- Looking for shmat - found
-- Looking for IceConnectionNumber in ICE
-- Looking for IceConnectionNumber in ICE - found
-- rviz_ogre_vendor::RenderSystem_GL for IMPORTED_LOCATION_RELEASE: _render_system_gl_static_library_abs-NOTFOUND
-- rviz_ogre_vendor::RenderSystem_GL for IMPORTED_LOCATION_DEBUG: _render_system_gl_static_library_abs-NOTFOUND
-- library: libassimp.so.5
-- library: /usr/lib/x86_64-linux-gnu/libcurl.so
-- Using all available rosidl_typesupport_c: rosidl_typesupport_fastrtps_c;rosidl_typesupport_introspection_c
-- Found rosidl_adapter: 2.2.3 (/opt/ros/galactic/share/rosidl_adapter/cmake)
-- Found OpenSSL: /usr/lib/x86_64-linux-gnu/libcrypto.so (found version "1.1.1f")  
-- Found FastRTPS: /opt/ros/galactic/include  
-- Using all available rosidl_typesupport_cpp: rosidl_typesupport_fastrtps_cpp;rosidl_typesupport_introspection_cpp
-- Found rmw_implementation_cmake: 3.3.1 (/opt/ros/galactic/share/rmw_implementation_cmake/cmake)
-- Found rmw_cyclonedds_cpp: 0.22.6 (/opt/ros/galactic/share/rmw_cyclonedds_cpp/cmake)
-- Using RMW implementation 'rmw_cyclonedds_cpp' as default
-- Looking for pthread.h
-- Looking for pthread.h - found
-- Performing Test CMAKE_HAVE_LIBC_PTHREAD
-- Performing Test CMAKE_HAVE_LIBC_PTHREAD - Failed
-- Looking for pthread_create in pthreads
-- Looking for pthread_create in pthreads - not found
-- Looking for pthread_create in pthread
-- Looking for pthread_create in pthread - found
-- Found Threads: TRUE  
-- Found Eigen3: TRUE (found version "3.3.7") 
-- Found rviz_default_plugins: 8.5.2 (/opt/ros/galactic/share/rviz_default_plugins/cmake)
-- Found eufs_msgs: 2.0.0 (/bristol_fsai_sim-docker/install/eufs_msgs/share/eufs_msgs/cmake)
-- Found ament_lint_auto: 0.10.7 (/opt/ros/galactic/share/ament_lint_auto/cmake)
-- Configuring done
-- Generating done
-- Build files have been written to: /bristol_fsai_sim-docker/build/eufs_rviz_plugins
[ 14%] [34m[1mGenerating include/eufs_rviz_plugins/displays/waypoint_array_stamped/moc_waypoint_array_stamped_display.cpp[0m
[ 28%] [34m[1mGenerating include/eufs_rviz_plugins/displays/cone_array_with_covariance/moc_cone_array_with_covariance_display.cpp[0m
[35m[1mScanning dependencies of target eufs_rviz_plugins[0m
[ 42%] [32mBuilding CXX object CMakeFiles/eufs_rviz_plugins.dir/include/eufs_rviz_plugins/displays/cone_array_with_covariance/moc_cone_array_with_covariance_display.cpp.o[0m
[ 57%] [32mBuilding CXX object CMakeFiles/eufs_rviz_plugins.dir/include/eufs_rviz_plugins/displays/waypoint_array_stamped/moc_waypoint_array_stamped_display.cpp.o[0m
[ 71%] [32mBuilding CXX object CMakeFiles/eufs_rviz_plugins.dir/src/eufs_rviz_plugins/displays/waypoint_array_stamped/waypoint_array_stamped_display.cpp.o[0m
[ 85%] [32mBuilding CXX object CMakeFiles/eufs_rviz_plugins.dir/src/eufs_rviz_plugins/displays/cone_array_with_covariance/cone_array_with_covariance_display.cpp.o[0m
[100%] [32m[1mLinking CXX shared library libeufs_rviz_plugins.so[0m
[100%] Built target eufs_rviz_plugins
-- Install configuration: ""
-- Execute custom install script
-- Symlinking: /bristol_fsai_sim-docker/install/eufs_rviz_plugins/share/eufs_rviz_plugins/icons/classes/ConeArrayWithCovariance.png
-- Symlinking: /bristol_fsai_sim-docker/install/eufs_rviz_plugins/share/eufs_rviz_plugins/meshes/big_cone.dae
-- Symlinking: /bristol_fsai_sim-docker/install/eufs_rviz_plugins/share/eufs_rviz_plugins/meshes/cone.dae
-- Symlinking: /bristol_fsai_sim-docker/install/eufs_rviz_plugins/share/eufs_rviz_plugins//plugins.xml
-- Symlinking: /bristol_fsai_sim-docker/install/eufs_rviz_plugins/share/ament_index/resource_index/package_run_dependencies/eufs_rviz_plugins
-- Symlinking: /bristol_fsai_sim-docker/install/eufs_rviz_plugins/share/ament_index/resource_index/parent_prefix_path/eufs_rviz_plugins
-- Symlinking: /bristol_fsai_sim-docker/install/eufs_rviz_plugins/share/eufs_rviz_plugins/environment/ament_prefix_path.sh
-- Symlinking: /bristol_fsai_sim-docker/install/eufs_rviz_plugins/share/eufs_rviz_plugins/environment/ament_prefix_path.dsv
-- Symlinking: /bristol_fsai_sim-docker/install/eufs_rviz_plugins/share/eufs_rviz_plugins/environment/path.sh
-- Symlinking: /bristol_fsai_sim-docker/install/eufs_rviz_plugins/share/eufs_rviz_plugins/environment/path.dsv
-- Symlinking: /bristol_fsai_sim-docker/install/eufs_rviz_plugins/share/eufs_rviz_plugins/local_setup.bash
-- Symlinking: /bristol_fsai_sim-docker/install/eufs_rviz_plugins/share/eufs_rviz_plugins/local_setup.sh
-- Symlinking: /bristol_fsai_sim-docker/install/eufs_rviz_plugins/share/eufs_rviz_plugins/local_setup.zsh
-- Symlinking: /bristol_fsai_sim-docker/install/eufs_rviz_plugins/share/eufs_rviz_plugins/local_setup.dsv
-- Symlinking: /bristol_fsai_sim-docker/install/eufs_rviz_plugins/share/eufs_rviz_plugins/package.dsv
-- Symlinking: /bristol_fsai_sim-docker/install/eufs_rviz_plugins/share/ament_index/resource_index/packages/eufs_rviz_plugins
-- Symlinking: /bristol_fsai_sim-docker/install/eufs_rviz_plugins/share/ament_index/resource_index/rviz_common__pluginlib__plugin/eufs_rviz_plugins
-- Symlinking: /bristol_fsai_sim-docker/install/eufs_rviz_plugins/share/eufs_rviz_plugins/cmake/ament_cmake_export_include_directories-extras.cmake
-- Symlinking: /bristol_fsai_sim-docker/install/eufs_rviz_plugins/share/eufs_rviz_plugins/cmake/ament_cmake_export_dependencies-extras.cmake
-- Symlinking: /bristol_fsai_sim-docker/install/eufs_rviz_plugins/share/eufs_rviz_plugins/cmake/ament_cmake_export_targets-extras.cmake
-- Symlinking: /bristol_fsai_sim-docker/install/eufs_rviz_plugins/share/eufs_rviz_plugins/cmake/eufs_rviz_pluginsConfig.cmake
-- Symlinking: /bristol_fsai_sim-docker/install/eufs_rviz_plugins/share/eufs_rviz_plugins/cmake/eufs_rviz_pluginsConfig-version.cmake
-- Symlinking: /bristol_fsai_sim-docker/install/eufs_rviz_plugins/share/eufs_rviz_plugins/package.xml
-- Installing: /bristol_fsai_sim-docker/install/eufs_rviz_plugins/lib/libeufs_rviz_plugins.so
-- Set runtime path of "/bristol_fsai_sim-docker/install/eufs_rviz_plugins/lib/libeufs_rviz_plugins.so" to ""
-- Installing: /bristol_fsai_sim-docker/install/eufs_rviz_plugins/share/eufs_rviz_plugins/cmake/export_eufs_rviz_pluginsExport.cmake
-- Installing: /bristol_fsai_sim-docker/install/eufs_rviz_plugins/share/eufs_rviz_plugins/cmake/export_eufs_rviz_pluginsExport-noconfig.cmake
