[0.603s] Invoking command in '/bristol_fsai_sim-docker/build/ros_can': AMENT_PREFIX_PATH=/bristol_fsai_sim-docker/install/eufs_msgs:${AMENT_PREFIX_PATH} CMAKE_PREFIX_PATH=/bristol_fsai_sim-docker/install/eufs_msgs:/opt/ros/galactic LD_LIBRARY_PATH=/bristol_fsai_sim-docker/install/eufs_msgs/lib:${LD_LIBRARY_PATH} PYTHONPATH=/bristol_fsai_sim-docker/install/eufs_msgs/lib/python3.8/site-packages:${PYTHONPATH} /usr/bin/cmake /bristol_fsai_sim-docker/ros_can -DAMENT_CMAKE_SYMLINK_INSTALL=1 -DCMAKE_INSTALL_PREFIX=/bristol_fsai_sim-docker/install/ros_can
[0.765s] -- The C compiler identification is GNU 9.4.0
[0.923s] -- The CXX compiler identification is GNU 9.4.0
[0.937s] -- Check for working C compiler: /usr/bin/cc
[1.151s] -- Check for working C compiler: /usr/bin/cc -- works
[1.154s] -- Detecting C compiler ABI info
[1.416s] -- Detecting C compiler ABI info - done
[1.466s] -- Detecting C compile features
[1.468s] -- Detecting C compile features - done
[1.479s] -- Check for working CXX compiler: /usr/bin/c++
[1.738s] -- Check for working CXX compiler: /usr/bin/c++ -- works
[1.744s] -- Detecting CXX compiler ABI info
[1.981s] -- Detecting CXX compiler ABI info - done
[2.021s] -- Detecting CXX compile features
[2.021s] -- Detecting CXX compile features - done
[2.030s] -- Found ament_cmake: 1.1.6 (/opt/ros/galactic/share/ament_cmake/cmake)
[2.104s] -- Found PythonInterp: /usr/bin/python3 (found suitable version "3.8.10", minimum required is "3") 
[2.104s] -- Using PYTHON_EXECUTABLE: /usr/bin/python3
[2.262s] -- Override CMake install command with custom implementation using symlinks instead of copying resources
[2.365s] -- Found rclcpp: 9.2.2 (/opt/ros/galactic/share/rclcpp/cmake)
[2.622s] -- Using all available rosidl_typesupport_c: rosidl_typesupport_fastrtps_c;rosidl_typesupport_introspection_c
[2.642s] -- Found rosidl_adapter: 2.2.3 (/opt/ros/galactic/share/rosidl_adapter/cmake)
[2.936s] -- Found OpenSSL: /usr/lib/x86_64-linux-gnu/libcrypto.so (found version "1.1.1f")  
[3.043s] -- Found FastRTPS: /opt/ros/galactic/include  
[3.318s] -- Using all available rosidl_typesupport_cpp: rosidl_typesupport_fastrtps_cpp;rosidl_typesupport_introspection_cpp
[3.487s] -- Found rmw_implementation_cmake: 3.3.1 (/opt/ros/galactic/share/rmw_implementation_cmake/cmake)
[3.497s] -- Found rmw_cyclonedds_cpp: 0.22.6 (/opt/ros/galactic/share/rmw_cyclonedds_cpp/cmake)
[3.555s] -- Using RMW implementation 'rmw_cyclonedds_cpp' as default
[3.557s] -- Looking for pthread.h
[3.756s] -- Looking for pthread.h - found
[3.756s] -- Performing Test CMAKE_HAVE_LIBC_PTHREAD
[4.021s] -- Performing Test CMAKE_HAVE_LIBC_PTHREAD - Failed
[4.021s] -- Looking for pthread_create in pthreads
[4.205s] -- Looking for pthread_create in pthreads - not found
[4.206s] -- Looking for pthread_create in pthread
[4.526s] -- Looking for pthread_create in pthread - found
[4.528s] -- Found Threads: TRUE  
[5.068s] -- Found tf2: 0.17.5 (/opt/ros/galactic/share/tf2/cmake)
[5.299s] -- Found tf2_ros: 0.17.5 (/opt/ros/galactic/share/tf2_ros/cmake)
[6.640s] -- Found std_srvs: 2.2.4 (/opt/ros/galactic/share/std_srvs/cmake)
[6.670s] -- Found sensor_msgs: 2.2.4 (/opt/ros/galactic/share/sensor_msgs/cmake)
[6.850s] -- Found ackermann_msgs: 2.0.2 (/opt/ros/galactic/share/ackermann_msgs/cmake)
[6.937s] -- Found eufs_msgs: 2.0.0 (/bristol_fsai_sim-docker/install/eufs_msgs/share/eufs_msgs/cmake)
[7.680s] -- Configuring done
[7.747s] -- Generating done
[7.747s] -- Build files have been written to: /bristol_fsai_sim-docker/build/ros_can
[7.792s] Invoked command in '/bristol_fsai_sim-docker/build/ros_can' returned '0': AMENT_PREFIX_PATH=/bristol_fsai_sim-docker/install/eufs_msgs:${AMENT_PREFIX_PATH} CMAKE_PREFIX_PATH=/bristol_fsai_sim-docker/install/eufs_msgs:/opt/ros/galactic LD_LIBRARY_PATH=/bristol_fsai_sim-docker/install/eufs_msgs/lib:${LD_LIBRARY_PATH} PYTHONPATH=/bristol_fsai_sim-docker/install/eufs_msgs/lib/python3.8/site-packages:${PYTHONPATH} /usr/bin/cmake /bristol_fsai_sim-docker/ros_can -DAMENT_CMAKE_SYMLINK_INSTALL=1 -DCMAKE_INSTALL_PREFIX=/bristol_fsai_sim-docker/install/ros_can
[7.799s] Invoking command in '/bristol_fsai_sim-docker/build/ros_can': AMENT_PREFIX_PATH=/bristol_fsai_sim-docker/install/eufs_msgs:${AMENT_PREFIX_PATH} CMAKE_PREFIX_PATH=/bristol_fsai_sim-docker/install/eufs_msgs:/opt/ros/galactic LD_LIBRARY_PATH=/bristol_fsai_sim-docker/install/eufs_msgs/lib:${LD_LIBRARY_PATH} PYTHONPATH=/bristol_fsai_sim-docker/install/eufs_msgs/lib/python3.8/site-packages:${PYTHONPATH} /usr/bin/cmake --build /bristol_fsai_sim-docker/build/ros_can -- -j8 -l8
[8.006s] [35m[1mScanning dependencies of target fs-ai-api[0m
[8.259s] ar: creating fs-ai_api.a
[8.297s] [  0%] Built target fs-ai-api
[8.330s] [35m[1mScanning dependencies of target ros_can_node[0m
[8.492s] [ 50%] [32mBuilding CXX object CMakeFiles/ros_can_node.dir/src/ros_can.cpp.o[0m
[45.434s] [100%] [32m[1mLinking CXX executable ros_can_node[0m
[47.214s] [100%] Built target ros_can_node
[47.252s] Invoked command in '/bristol_fsai_sim-docker/build/ros_can' returned '0': AMENT_PREFIX_PATH=/bristol_fsai_sim-docker/install/eufs_msgs:${AMENT_PREFIX_PATH} CMAKE_PREFIX_PATH=/bristol_fsai_sim-docker/install/eufs_msgs:/opt/ros/galactic LD_LIBRARY_PATH=/bristol_fsai_sim-docker/install/eufs_msgs/lib:${LD_LIBRARY_PATH} PYTHONPATH=/bristol_fsai_sim-docker/install/eufs_msgs/lib/python3.8/site-packages:${PYTHONPATH} /usr/bin/cmake --build /bristol_fsai_sim-docker/build/ros_can -- -j8 -l8
[47.351s] Invoking command in '/bristol_fsai_sim-docker/build/ros_can': AMENT_PREFIX_PATH=/bristol_fsai_sim-docker/install/eufs_msgs:${AMENT_PREFIX_PATH} CMAKE_PREFIX_PATH=/bristol_fsai_sim-docker/install/eufs_msgs:/opt/ros/galactic LD_LIBRARY_PATH=/bristol_fsai_sim-docker/install/eufs_msgs/lib:${LD_LIBRARY_PATH} PYTHONPATH=/bristol_fsai_sim-docker/install/eufs_msgs/lib/python3.8/site-packages:${PYTHONPATH} /usr/bin/cmake --install /bristol_fsai_sim-docker/build/ros_can
[47.369s] -- Install configuration: ""
[47.371s] -- Execute custom install script
[47.374s] -- Symlinking: /bristol_fsai_sim-docker/install/ros_can/lib/ros_can/ros_can_node
[47.397s] -- Symlinking: /bristol_fsai_sim-docker/install/ros_can/share/ros_can//launch/ros_can.launch.py
[47.424s] -- Symlinking: /bristol_fsai_sim-docker/install/ros_can/share/ament_index/resource_index/package_run_dependencies/ros_can
[47.449s] -- Symlinking: /bristol_fsai_sim-docker/install/ros_can/share/ament_index/resource_index/parent_prefix_path/ros_can
[47.476s] -- Symlinking: /bristol_fsai_sim-docker/install/ros_can/share/ros_can/environment/ament_prefix_path.sh
[47.500s] -- Symlinking: /bristol_fsai_sim-docker/install/ros_can/share/ros_can/environment/ament_prefix_path.dsv
[47.524s] -- Symlinking: /bristol_fsai_sim-docker/install/ros_can/share/ros_can/environment/path.sh
[47.562s] -- Symlinking: /bristol_fsai_sim-docker/install/ros_can/share/ros_can/environment/path.dsv
[47.586s] -- Symlinking: /bristol_fsai_sim-docker/install/ros_can/share/ros_can/local_setup.bash
[47.610s] -- Symlinking: /bristol_fsai_sim-docker/install/ros_can/share/ros_can/local_setup.sh
[47.641s] -- Symlinking: /bristol_fsai_sim-docker/install/ros_can/share/ros_can/local_setup.zsh
[47.663s] -- Symlinking: /bristol_fsai_sim-docker/install/ros_can/share/ros_can/local_setup.dsv
[47.688s] -- Symlinking: /bristol_fsai_sim-docker/install/ros_can/share/ros_can/package.dsv
[47.713s] -- Symlinking: /bristol_fsai_sim-docker/install/ros_can/share/ament_index/resource_index/packages/ros_can
[47.738s] -- Symlinking: /bristol_fsai_sim-docker/install/ros_can/share/ros_can/cmake/ros_canConfig.cmake
[47.762s] -- Symlinking: /bristol_fsai_sim-docker/install/ros_can/share/ros_can/cmake/ros_canConfig-version.cmake
[47.786s] -- Symlinking: /bristol_fsai_sim-docker/install/ros_can/share/ros_can/package.xml
[47.818s] Invoked command in '/bristol_fsai_sim-docker/build/ros_can' returned '0': AMENT_PREFIX_PATH=/bristol_fsai_sim-docker/install/eufs_msgs:${AMENT_PREFIX_PATH} CMAKE_PREFIX_PATH=/bristol_fsai_sim-docker/install/eufs_msgs:/opt/ros/galactic LD_LIBRARY_PATH=/bristol_fsai_sim-docker/install/eufs_msgs/lib:${LD_LIBRARY_PATH} PYTHONPATH=/bristol_fsai_sim-docker/install/eufs_msgs/lib/python3.8/site-packages:${PYTHONPATH} /usr/bin/cmake --install /bristol_fsai_sim-docker/build/ros_can
