running develop
running egg_info
creating eufs_racecar.egg-info
writing eufs_racecar.egg-info/PKG-INFO
writing dependency_links to eufs_racecar.egg-info/dependency_links.txt
writing requirements to eufs_racecar.egg-info/requires.txt
writing top-level names to eufs_racecar.egg-info/top_level.txt
writing manifest file 'eufs_racecar.egg-info/SOURCES.txt'
reading manifest file 'eufs_racecar.egg-info/SOURCES.txt'
writing manifest file 'eufs_racecar.egg-info/SOURCES.txt'
running build_ext
Creating /bristol_fsai_sim-docker/install/eufs_racecar/lib/python3.8/site-packages/site.py
Creating /bristol_fsai_sim-docker/install/eufs_racecar/lib/python3.8/site-packages/eufs-racecar.egg-link (link to .)

Installed /bristol_fsai_sim-docker/build/eufs_racecar
running install_data
creating /bristol_fsai_sim-docker/install/eufs_racecar/share/ament_index
creating /bristol_fsai_sim-docker/install/eufs_racecar/share/ament_index/resource_index
creating /bristol_fsai_sim-docker/install/eufs_racecar/share/ament_index/resource_index/packages
copying resource/eufs_racecar -> /bristol_fsai_sim-docker/install/eufs_racecar/share/ament_index/resource_index/packages
copying package.xml -> /bristol_fsai_sim-docker/install/eufs_racecar/share/eufs_racecar
creating /bristol_fsai_sim-docker/install/eufs_racecar/share/eufs_racecar/meshes
copying meshes/ads_dv_chassis.dae -> /bristol_fsai_sim-docker/install/eufs_racecar/share/eufs_racecar/meshes
copying meshes/sisu-20d.dae -> /bristol_fsai_sim-docker/install/eufs_racecar/share/eufs_racecar/meshes
copying meshes/ads_wheel_right.dae -> /bristol_fsai_sim-docker/install/eufs_racecar/share/eufs_racecar/meshes
copying meshes/wheel_left.dae -> /bristol_fsai_sim-docker/install/eufs_racecar/share/eufs_racecar/meshes
copying meshes/wheel_right.dae -> /bristol_fsai_sim-docker/install/eufs_racecar/share/eufs_racecar/meshes
copying meshes/ads_wheel_left.dae -> /bristol_fsai_sim-docker/install/eufs_racecar/share/eufs_racecar/meshes
creating /bristol_fsai_sim-docker/install/eufs_racecar/share/eufs_racecar/urdf
copying urdf/eufs_base.urdf.xacro -> /bristol_fsai_sim-docker/install/eufs_racecar/share/eufs_racecar/urdf
copying urdf/wheels.urdf.xacro -> /bristol_fsai_sim-docker/install/eufs_racecar/share/eufs_racecar/urdf
creating /bristol_fsai_sim-docker/install/eufs_racecar/share/eufs_racecar/launch
copying launch/load_car.launch.py -> /bristol_fsai_sim-docker/install/eufs_racecar/share/eufs_racecar/launch
creating /bristol_fsai_sim-docker/install/eufs_racecar/share/eufs_racecar/robots
creating /bristol_fsai_sim-docker/install/eufs_racecar/share/eufs_racecar/robots/ads-dv
copying robots/ads-dv/ADS-DV Sensor Position.pdf -> /bristol_fsai_sim-docker/install/eufs_racecar/share/eufs_racecar/robots/ads-dv
copying robots/ads-dv/robot.urdf.xacro -> /bristol_fsai_sim-docker/install/eufs_racecar/share/eufs_racecar/robots/ads-dv
copying robots/ads-dv/configWet.yaml -> /bristol_fsai_sim-docker/install/eufs_racecar/share/eufs_racecar/robots/ads-dv
copying robots/ads-dv/configDry.yaml -> /bristol_fsai_sim-docker/install/eufs_racecar/share/eufs_racecar/robots/ads-dv
creating /bristol_fsai_sim-docker/install/eufs_racecar/share/eufs_racecar/robots/eufs
copying robots/eufs/robot.urdf.xacro -> /bristol_fsai_sim-docker/install/eufs_racecar/share/eufs_racecar/robots/eufs
copying robots/eufs/configWet.yaml -> /bristol_fsai_sim-docker/install/eufs_racecar/share/eufs_racecar/robots/eufs
copying robots/eufs/configDry.yaml -> /bristol_fsai_sim-docker/install/eufs_racecar/share/eufs_racecar/robots/eufs
