[3.071s] Invoking command in '/bristol_fsai_sim-docker/build/eufs_racecar': PYTHONPATH=/bristol_fsai_sim-docker/build/eufs_racecar/prefix_override:/bristol_fsai_sim-docker/install/eufs_racecar/lib/python3.8/site-packages:${PYTHONPATH} /usr/bin/python3 setup.py develop --editable --build-directory /bristol_fsai_sim-docker/build/eufs_racecar/build --no-deps install_data
[3.816s] running develop
[4.146s] running egg_info
[4.146s] creating eufs_racecar.egg-info
[4.147s] writing eufs_racecar.egg-info/PKG-INFO
[4.147s] writing dependency_links to eufs_racecar.egg-info/dependency_links.txt
[4.147s] writing requirements to eufs_racecar.egg-info/requires.txt
[4.147s] writing top-level names to eufs_racecar.egg-info/top_level.txt
[4.160s] writing manifest file 'eufs_racecar.egg-info/SOURCES.txt'
[4.160s] reading manifest file 'eufs_racecar.egg-info/SOURCES.txt'
[4.160s] writing manifest file 'eufs_racecar.egg-info/SOURCES.txt'
[4.418s] running build_ext
[4.533s] Creating /bristol_fsai_sim-docker/install/eufs_racecar/lib/python3.8/site-packages/site.py
[4.537s] Creating /bristol_fsai_sim-docker/install/eufs_racecar/lib/python3.8/site-packages/eufs-racecar.egg-link (link to .)
[4.542s] 
[4.542s] Installed /bristol_fsai_sim-docker/build/eufs_racecar
[4.542s] running install_data
[4.542s] creating /bristol_fsai_sim-docker/install/eufs_racecar/share/ament_index
[4.543s] creating /bristol_fsai_sim-docker/install/eufs_racecar/share/ament_index/resource_index
[4.543s] creating /bristol_fsai_sim-docker/install/eufs_racecar/share/ament_index/resource_index/packages
[4.543s] copying resource/eufs_racecar -> /bristol_fsai_sim-docker/install/eufs_racecar/share/ament_index/resource_index/packages
[4.543s] copying package.xml -> /bristol_fsai_sim-docker/install/eufs_racecar/share/eufs_racecar
[4.543s] creating /bristol_fsai_sim-docker/install/eufs_racecar/share/eufs_racecar/meshes
[4.543s] copying meshes/ads_dv_chassis.dae -> /bristol_fsai_sim-docker/install/eufs_racecar/share/eufs_racecar/meshes
[4.547s] copying meshes/sisu-20d.dae -> /bristol_fsai_sim-docker/install/eufs_racecar/share/eufs_racecar/meshes
[4.597s] copying meshes/ads_wheel_right.dae -> /bristol_fsai_sim-docker/install/eufs_racecar/share/eufs_racecar/meshes
[4.599s] copying meshes/wheel_left.dae -> /bristol_fsai_sim-docker/install/eufs_racecar/share/eufs_racecar/meshes
[4.600s] copying meshes/wheel_right.dae -> /bristol_fsai_sim-docker/install/eufs_racecar/share/eufs_racecar/meshes
[4.608s] copying meshes/ads_wheel_left.dae -> /bristol_fsai_sim-docker/install/eufs_racecar/share/eufs_racecar/meshes
[4.609s] creating /bristol_fsai_sim-docker/install/eufs_racecar/share/eufs_racecar/urdf
[4.609s] copying urdf/eufs_base.urdf.xacro -> /bristol_fsai_sim-docker/install/eufs_racecar/share/eufs_racecar/urdf
[4.610s] copying urdf/wheels.urdf.xacro -> /bristol_fsai_sim-docker/install/eufs_racecar/share/eufs_racecar/urdf
[4.610s] creating /bristol_fsai_sim-docker/install/eufs_racecar/share/eufs_racecar/launch
[4.610s] copying launch/load_car.launch.py -> /bristol_fsai_sim-docker/install/eufs_racecar/share/eufs_racecar/launch
[4.611s] creating /bristol_fsai_sim-docker/install/eufs_racecar/share/eufs_racecar/robots
[4.611s] creating /bristol_fsai_sim-docker/install/eufs_racecar/share/eufs_racecar/robots/ads-dv
[4.612s] copying robots/ads-dv/ADS-DV Sensor Position.pdf -> /bristol_fsai_sim-docker/install/eufs_racecar/share/eufs_racecar/robots/ads-dv
[4.612s] copying robots/ads-dv/robot.urdf.xacro -> /bristol_fsai_sim-docker/install/eufs_racecar/share/eufs_racecar/robots/ads-dv
[4.612s] copying robots/ads-dv/configWet.yaml -> /bristol_fsai_sim-docker/install/eufs_racecar/share/eufs_racecar/robots/ads-dv
[4.612s] copying robots/ads-dv/configDry.yaml -> /bristol_fsai_sim-docker/install/eufs_racecar/share/eufs_racecar/robots/ads-dv
[4.612s] creating /bristol_fsai_sim-docker/install/eufs_racecar/share/eufs_racecar/robots/eufs
[4.612s] copying robots/eufs/robot.urdf.xacro -> /bristol_fsai_sim-docker/install/eufs_racecar/share/eufs_racecar/robots/eufs
[4.613s] copying robots/eufs/configWet.yaml -> /bristol_fsai_sim-docker/install/eufs_racecar/share/eufs_racecar/robots/eufs
[4.613s] copying robots/eufs/configDry.yaml -> /bristol_fsai_sim-docker/install/eufs_racecar/share/eufs_racecar/robots/eufs
[4.719s] Invoked command in '/bristol_fsai_sim-docker/build/eufs_racecar' returned '0': PYTHONPATH=/bristol_fsai_sim-docker/build/eufs_racecar/prefix_override:/bristol_fsai_sim-docker/install/eufs_racecar/lib/python3.8/site-packages:${PYTHONPATH} /usr/bin/python3 setup.py develop --editable --build-directory /bristol_fsai_sim-docker/build/eufs_racecar/build --no-deps install_data
