-- The C compiler identification is GNU 9.4.0
-- The CXX compiler identification is GNU 9.4.0
-- Check for working C compiler: /usr/bin/cc
-- Check for working C compiler: /usr/bin/cc -- works
-- Detecting C compiler ABI info
-- Detecting C compiler ABI info - done
-- Detecting C compile features
-- Detecting C compile features - done
-- Check for working CXX compiler: /usr/bin/c++
-- Check for working CXX compiler: /usr/bin/c++ -- works
-- Detecting CXX compiler ABI info
-- Detecting CXX compiler ABI info - done
-- Detecting CXX compile features
-- Detecting CXX compile features - done
-- Found ament_cmake: 1.1.6 (/opt/ros/galactic/share/ament_cmake/cmake)
-- Found PythonInterp: /usr/bin/python3 (found suitable version "3.8.10", minimum required is "3") 
-- Using PYTHON_EXECUTABLE: /usr/bin/python3
-- Override CMake install command with custom implementation using symlinks instead of copying resources
-- Found rclcpp: 9.2.2 (/opt/ros/galactic/share/rclcpp/cmake)
-- Using all available rosidl_typesupport_c: rosidl_typesupport_fastrtps_c;rosidl_typesupport_introspection_c
-- Found rosidl_adapter: 2.2.3 (/opt/ros/galactic/share/rosidl_adapter/cmake)
-- Found OpenSSL: /usr/lib/x86_64-linux-gnu/libcrypto.so (found version "1.1.1f")  
-- Found FastRTPS: /opt/ros/galactic/include  
-- Using all available rosidl_typesupport_cpp: rosidl_typesupport_fastrtps_cpp;rosidl_typesupport_introspection_cpp
-- Found rmw_implementation_cmake: 3.3.1 (/opt/ros/galactic/share/rmw_implementation_cmake/cmake)
-- Found rmw_cyclonedds_cpp: 0.22.6 (/opt/ros/galactic/share/rmw_cyclonedds_cpp/cmake)
-- Using RMW implementation 'rmw_cyclonedds_cpp' as default
-- Looking for pthread.h
-- Looking for pthread.h - found
-- Performing Test CMAKE_HAVE_LIBC_PTHREAD
-- Performing Test CMAKE_HAVE_LIBC_PTHREAD - Failed
-- Looking for pthread_create in pthreads
-- Looking for pthread_create in pthreads - not found
-- Looking for pthread_create in pthread
-- Looking for pthread_create in pthread - found
-- Found Threads: TRUE  
-- Found eufs_msgs: 2.0.0 (/bristol_fsai_sim-docker/install/eufs_msgs/share/eufs_msgs/cmake)
-- Found ackermann_msgs: 2.0.2 (/opt/ros/galactic/share/ackermann_msgs/cmake)
-- Found visualization_msgs: 2.2.4 (/opt/ros/galactic/share/visualization_msgs/cmake)
-- Found std_srvs: 2.2.4 (/opt/ros/galactic/share/std_srvs/cmake)
-- Found tf2: 0.17.5 (/opt/ros/galactic/share/tf2/cmake)
-- Found tf2_ros: 0.17.5 (/opt/ros/galactic/share/tf2_ros/cmake)
-- Found ament_lint_auto: 0.10.7 (/opt/ros/galactic/share/ament_lint_auto/cmake)
-- Added test 'copyright' to check source files copyright and LICENSE
-- Added test 'cppcheck' to perform static code analysis on C / C++ code
-- Configured cppcheck include dirs: /bristol_fsai_sim-docker/eufs_sim/control_cpp/include
-- Configured cppcheck exclude dirs and/or files: 
-- Added test 'cpplint' to check C / C++ code against the Google style
-- Configured cpplint exclude dirs and/or files: 
-- Added test 'lint_cmake' to check CMake code style
-- Added test 'uncrustify' to check C / C++ code style
-- Configured uncrustify additional arguments: 
-- Added test 'xmllint' to check XML markup files
-- Configuring done
-- Generating done
-- Build files have been written to: /bristol_fsai_sim-docker/build/control_cpp
[35m[1mScanning dependencies of target control_cpp[0m
[35m[1mScanning dependencies of target odometry_to_twist_converter[0m
[ 20%] [32mBuilding CXX object CMakeFiles/control_cpp.dir/src/control.cpp.o[0m
[ 40%] [32mBuilding CXX object CMakeFiles/odometry_to_twist_converter.dir/src/odometry_to_twist_converter.cpp.o[0m
[ 60%] [32mBuilding CXX object CMakeFiles/control_cpp.dir/src/cone.cpp.o[0m
[ 80%] [32m[1mLinking CXX executable odometry_to_twist_converter[0m
[ 80%] Built target odometry_to_twist_converter
[100%] [32m[1mLinking CXX executable control_cpp[0m
[100%] Built target control_cpp
-- Install configuration: ""
-- Execute custom install script
-- Symlinking: /bristol_fsai_sim-docker/install/control_cpp/lib/control_cpp/control_cpp
-- Symlinking: /bristol_fsai_sim-docker/install/control_cpp/lib/control_cpp/odometry_to_twist_converter
-- Symlinking: /bristol_fsai_sim-docker/install/control_cpp/share/ament_index/resource_index/package_run_dependencies/control_cpp
-- Symlinking: /bristol_fsai_sim-docker/install/control_cpp/share/ament_index/resource_index/parent_prefix_path/control_cpp
-- Symlinking: /bristol_fsai_sim-docker/install/control_cpp/share/control_cpp/environment/ament_prefix_path.sh
-- Symlinking: /bristol_fsai_sim-docker/install/control_cpp/share/control_cpp/environment/ament_prefix_path.dsv
-- Symlinking: /bristol_fsai_sim-docker/install/control_cpp/share/control_cpp/environment/path.sh
-- Symlinking: /bristol_fsai_sim-docker/install/control_cpp/share/control_cpp/environment/path.dsv
-- Symlinking: /bristol_fsai_sim-docker/install/control_cpp/share/control_cpp/local_setup.bash
-- Symlinking: /bristol_fsai_sim-docker/install/control_cpp/share/control_cpp/local_setup.sh
-- Symlinking: /bristol_fsai_sim-docker/install/control_cpp/share/control_cpp/local_setup.zsh
-- Symlinking: /bristol_fsai_sim-docker/install/control_cpp/share/control_cpp/local_setup.dsv
-- Symlinking: /bristol_fsai_sim-docker/install/control_cpp/share/control_cpp/package.dsv
-- Symlinking: /bristol_fsai_sim-docker/install/control_cpp/share/ament_index/resource_index/packages/control_cpp
-- Symlinking: /bristol_fsai_sim-docker/install/control_cpp/share/control_cpp/cmake/control_cppConfig.cmake
-- Symlinking: /bristol_fsai_sim-docker/install/control_cpp/share/control_cpp/cmake/control_cppConfig-version.cmake
-- Symlinking: /bristol_fsai_sim-docker/install/control_cpp/share/control_cpp/package.xml
