[0.033s] Invoking command in '/home/alan/Documents/bristol_fsai_sim-docker/build/eufs_msgs': DEBUGINFOD_URLS=https://debuginfod.ubuntu.com /usr/bin/cmake /home/alan/Documents/bristol_fsai_sim-docker/eufs_msgs -DAMENT_CMAKE_SYMLINK_INSTALL=1 -DCMAKE_INSTALL_PREFIX=/home/alan/Documents/bristol_fsai_sim-docker/install/eufs_msgs
[1.217s] -- Configuring incomplete, errors occurred!
[1.217s] [31mCMake Error at CMakeLists.txt:19 (find_package):
[1.218s]   By not providing "Findament_cmake.cmake" in CMAKE_MODULE_PATH this project
[1.218s]   has asked CMake to find a package configuration file provided by
[1.218s]   "ament_cmake", but CMake did not find one.
[1.218s] 
[1.218s]   Could not find a package configuration file provided by "ament_cmake" with
[1.219s]   any of the following names:
[1.219s] 
[1.219s]     ament_cmakeConfig.cmake
[1.219s]     ament_cmake-config.cmake
[1.219s] 
[1.219s]   Add the installation prefix of "ament_cmake" to CMAKE_PREFIX_PATH or set
[1.220s]   "ament_cmake_DIR" to a directory containing one of the above files.  If
[1.220s]   "ament_cmake" provides a separate development package or SDK, be sure it
[1.220s]   has been installed.
[1.220s] 
[1.220s] [0m
[1.604s] Invoked command in '/home/alan/Documents/bristol_fsai_sim-docker/build/eufs_msgs' returned '1': DEBUGINFOD_URLS=https://debuginfod.ubuntu.com /usr/bin/cmake /home/alan/Documents/bristol_fsai_sim-docker/eufs_msgs -DAMENT_CMAKE_SYMLINK_INSTALL=1 -DCMAKE_INSTALL_PREFIX=/home/alan/Documents/bristol_fsai_sim-docker/install/eufs_msgs
