[0.191s] DEBUG:colcon:Command line arguments: ['/usr/bin/colcon', 'build', '--symlink-install']
[0.191s] DEBUG:colcon:Parsed command line arguments: Namespace(log_base=None, log_level=None, verb_name='build', build_base='build', install_base='install', merge_install=False, symlink_install=True, test_result_base=None, continue_on_error=False, executor='parallel', parallel_workers=8, event_handlers=None, ignore_user_meta=False, metas=['./colcon.meta'], base_paths=['.'], packages_ignore=None, packages_ignore_regex=None, paths=None, packages_up_to=None, packages_up_to_regex=None, packages_above=None, packages_above_and_dependencies=None, packages_above_depth=None, packages_select_by_dep=None, packages_skip_by_dep=None, packages_skip_up_to=None, packages_select_build_failed=False, packages_skip_build_finished=False, packages_select_test_failures=False, packages_skip_test_passed=False, packages_select=None, packages_skip=None, packages_select_regex=None, packages_skip_regex=None, packages_start=None, packages_end=None, allow_overriding=[], cmake_args=None, cmake_target=None, cmake_target_skip_unavailable=False, cmake_clean_cache=False, cmake_clean_first=False, cmake_force_configure=False, ament_cmake_args=None, catkin_cmake_args=None, catkin_skip_building_tests=False, mixin_files=None, mixin=None, verb_parser=<colcon_mixin.mixin.mixin_argument.MixinArgumentDecorator object at 0x7027f0b85310>, verb_extension=<colcon_core.verb.build.BuildVerb object at 0x7027f0cb1190>, main=<bound method BuildVerb.main of <colcon_core.verb.build.BuildVerb object at 0x7027f0cb1190>>, mixin_verb=('build',))
[0.262s] Level 1:colcon.colcon_core.package_discovery:discover_packages(colcon_meta) check parameters
[0.262s] Level 1:colcon.colcon_core.package_discovery:discover_packages(recursive) check parameters
[0.262s] Level 1:colcon.colcon_core.package_discovery:discover_packages(ignore) check parameters
[0.262s] Level 1:colcon.colcon_core.package_discovery:discover_packages(path) check parameters
[0.262s] Level 1:colcon.colcon_core.package_discovery:discover_packages(colcon_meta) discover
[0.263s] Level 1:colcon.colcon_core.package_discovery:discover_packages(recursive) discover
[0.263s] INFO:colcon.colcon_core.package_discovery:Crawling recursively for packages in '/home/alan/Documents/bristol_fsai_sim-docker'
[0.263s] Level 1:colcon.colcon_core.package_identification:_identify(.) by extensions ['ignore', 'ignore_ament_install']
[0.263s] Level 1:colcon.colcon_core.package_identification:_identify(.) by extension 'ignore'
[0.263s] Level 1:colcon.colcon_core.package_identification:_identify(.) by extension 'ignore_ament_install'
[0.263s] Level 1:colcon.colcon_core.package_identification:_identify(.) by extensions ['colcon_pkg']
[0.263s] Level 1:colcon.colcon_core.package_identification:_identify(.) by extension 'colcon_pkg'
[0.264s] Level 1:colcon.colcon_core.package_identification:_identify(.) by extensions ['colcon_meta']
[0.264s] Level 1:colcon.colcon_core.package_identification:_identify(.) by extension 'colcon_meta'
[0.264s] Level 1:colcon.colcon_core.package_identification:_identify(.) by extensions ['ros']
[0.264s] Level 1:colcon.colcon_core.package_identification:_identify(.) by extension 'ros'
[0.313s] Level 1:colcon.colcon_core.package_identification:_identify(.) by extensions ['cmake', 'python']
[0.313s] Level 1:colcon.colcon_core.package_identification:_identify(.) by extension 'cmake'
[0.313s] Level 1:colcon.colcon_core.package_identification:_identify(.) by extension 'python'
[0.313s] Level 1:colcon.colcon_core.package_identification:_identify(.) by extensions ['python_setup_py']
[0.313s] Level 1:colcon.colcon_core.package_identification:_identify(.) by extension 'python_setup_py'
[0.313s] Level 1:colcon.colcon_core.package_identification:_identify(build) by extensions ['ignore', 'ignore_ament_install']
[0.314s] Level 1:colcon.colcon_core.package_identification:_identify(build) by extension 'ignore'
[0.314s] Level 1:colcon.colcon_core.package_identification:_identify(build) ignored
[0.314s] Level 1:colcon.colcon_core.package_identification:_identify(eufs_msgs) by extensions ['ignore', 'ignore_ament_install']
[0.314s] Level 1:colcon.colcon_core.package_identification:_identify(eufs_msgs) by extension 'ignore'
[0.314s] Level 1:colcon.colcon_core.package_identification:_identify(eufs_msgs) by extension 'ignore_ament_install'
[0.314s] Level 1:colcon.colcon_core.package_identification:_identify(eufs_msgs) by extensions ['colcon_pkg']
[0.314s] Level 1:colcon.colcon_core.package_identification:_identify(eufs_msgs) by extension 'colcon_pkg'
[0.314s] Level 1:colcon.colcon_core.package_identification:_identify(eufs_msgs) by extensions ['colcon_meta']
[0.314s] Level 1:colcon.colcon_core.package_identification:_identify(eufs_msgs) by extension 'colcon_meta'
[0.314s] Level 1:colcon.colcon_core.package_identification:_identify(eufs_msgs) by extensions ['ros']
[0.315s] Level 1:colcon.colcon_core.package_identification:_identify(eufs_msgs) by extension 'ros'
[0.319s] DEBUG:colcon.colcon_core.package_identification:Package 'eufs_msgs' with type 'ros.ament_cmake' and name 'eufs_msgs'
[0.319s] Level 1:colcon.colcon_core.package_identification:_identify(eufs_rviz_plugins) by extensions ['ignore', 'ignore_ament_install']
[0.319s] Level 1:colcon.colcon_core.package_identification:_identify(eufs_rviz_plugins) by extension 'ignore'
[0.319s] Level 1:colcon.colcon_core.package_identification:_identify(eufs_rviz_plugins) by extension 'ignore_ament_install'
[0.319s] Level 1:colcon.colcon_core.package_identification:_identify(eufs_rviz_plugins) by extensions ['colcon_pkg']
[0.320s] Level 1:colcon.colcon_core.package_identification:_identify(eufs_rviz_plugins) by extension 'colcon_pkg'
[0.320s] Level 1:colcon.colcon_core.package_identification:_identify(eufs_rviz_plugins) by extensions ['colcon_meta']
[0.320s] Level 1:colcon.colcon_core.package_identification:_identify(eufs_rviz_plugins) by extension 'colcon_meta'
[0.320s] Level 1:colcon.colcon_core.package_identification:_identify(eufs_rviz_plugins) by extensions ['ros']
[0.320s] Level 1:colcon.colcon_core.package_identification:_identify(eufs_rviz_plugins) by extension 'ros'
[0.322s] DEBUG:colcon.colcon_core.package_identification:Package 'eufs_rviz_plugins' with type 'ros.ament_cmake' and name 'eufs_rviz_plugins'
[0.322s] Level 1:colcon.colcon_core.package_identification:_identify(eufs_sim) by extensions ['ignore', 'ignore_ament_install']
[0.322s] Level 1:colcon.colcon_core.package_identification:_identify(eufs_sim) by extension 'ignore'
[0.322s] Level 1:colcon.colcon_core.package_identification:_identify(eufs_sim) by extension 'ignore_ament_install'
[0.322s] Level 1:colcon.colcon_core.package_identification:_identify(eufs_sim) by extensions ['colcon_pkg']
[0.322s] Level 1:colcon.colcon_core.package_identification:_identify(eufs_sim) by extension 'colcon_pkg'
[0.322s] Level 1:colcon.colcon_core.package_identification:_identify(eufs_sim) by extensions ['colcon_meta']
[0.322s] Level 1:colcon.colcon_core.package_identification:_identify(eufs_sim) by extension 'colcon_meta'
[0.322s] Level 1:colcon.colcon_core.package_identification:_identify(eufs_sim) by extensions ['ros']
[0.322s] Level 1:colcon.colcon_core.package_identification:_identify(eufs_sim) by extension 'ros'
[0.323s] Level 1:colcon.colcon_core.package_identification:_identify(eufs_sim) by extensions ['cmake', 'python']
[0.323s] Level 1:colcon.colcon_core.package_identification:_identify(eufs_sim) by extension 'cmake'
[0.323s] Level 1:colcon.colcon_core.package_identification:_identify(eufs_sim) by extension 'python'
[0.323s] Level 1:colcon.colcon_core.package_identification:_identify(eufs_sim) by extensions ['python_setup_py']
[0.323s] Level 1:colcon.colcon_core.package_identification:_identify(eufs_sim) by extension 'python_setup_py'
[0.323s] Level 1:colcon.colcon_core.package_identification:_identify(eufs_sim/control) by extensions ['ignore', 'ignore_ament_install']
[0.323s] Level 1:colcon.colcon_core.package_identification:_identify(eufs_sim/control) by extension 'ignore'
[0.323s] Level 1:colcon.colcon_core.package_identification:_identify(eufs_sim/control) by extension 'ignore_ament_install'
[0.323s] Level 1:colcon.colcon_core.package_identification:_identify(eufs_sim/control) by extensions ['colcon_pkg']
[0.323s] Level 1:colcon.colcon_core.package_identification:_identify(eufs_sim/control) by extension 'colcon_pkg'
[0.324s] Level 1:colcon.colcon_core.package_identification:_identify(eufs_sim/control) by extensions ['colcon_meta']
[0.324s] Level 1:colcon.colcon_core.package_identification:_identify(eufs_sim/control) by extension 'colcon_meta'
[0.324s] Level 1:colcon.colcon_core.package_identification:_identify(eufs_sim/control) by extensions ['ros']
[0.324s] Level 1:colcon.colcon_core.package_identification:_identify(eufs_sim/control) by extension 'ros'
[0.325s] DEBUG:colcon.colcon_core.package_identification:Package 'eufs_sim/control' with type 'ros.ament_python' and name 'control'
[0.325s] Level 1:colcon.colcon_core.package_identification:_identify(eufs_sim/control_cpp) by extensions ['ignore', 'ignore_ament_install']
[0.325s] Level 1:colcon.colcon_core.package_identification:_identify(eufs_sim/control_cpp) by extension 'ignore'
[0.325s] Level 1:colcon.colcon_core.package_identification:_identify(eufs_sim/control_cpp) by extension 'ignore_ament_install'
[0.325s] Level 1:colcon.colcon_core.package_identification:_identify(eufs_sim/control_cpp) by extensions ['colcon_pkg']
[0.325s] Level 1:colcon.colcon_core.package_identification:_identify(eufs_sim/control_cpp) by extension 'colcon_pkg'
[0.325s] Level 1:colcon.colcon_core.package_identification:_identify(eufs_sim/control_cpp) by extensions ['colcon_meta']
[0.325s] Level 1:colcon.colcon_core.package_identification:_identify(eufs_sim/control_cpp) by extension 'colcon_meta'
[0.325s] Level 1:colcon.colcon_core.package_identification:_identify(eufs_sim/control_cpp) by extensions ['ros']
[0.325s] Level 1:colcon.colcon_core.package_identification:_identify(eufs_sim/control_cpp) by extension 'ros'
[0.326s] DEBUG:colcon.colcon_core.package_identification:Package 'eufs_sim/control_cpp' with type 'ros.ament_cmake' and name 'control_cpp'
[0.327s] Level 1:colcon.colcon_core.package_identification:_identify(eufs_sim/eufs_launcher) by extensions ['ignore', 'ignore_ament_install']
[0.327s] Level 1:colcon.colcon_core.package_identification:_identify(eufs_sim/eufs_launcher) by extension 'ignore'
[0.327s] Level 1:colcon.colcon_core.package_identification:_identify(eufs_sim/eufs_launcher) by extension 'ignore_ament_install'
[0.327s] Level 1:colcon.colcon_core.package_identification:_identify(eufs_sim/eufs_launcher) by extensions ['colcon_pkg']
[0.327s] Level 1:colcon.colcon_core.package_identification:_identify(eufs_sim/eufs_launcher) by extension 'colcon_pkg'
[0.327s] Level 1:colcon.colcon_core.package_identification:_identify(eufs_sim/eufs_launcher) by extensions ['colcon_meta']
[0.327s] Level 1:colcon.colcon_core.package_identification:_identify(eufs_sim/eufs_launcher) by extension 'colcon_meta'
[0.327s] Level 1:colcon.colcon_core.package_identification:_identify(eufs_sim/eufs_launcher) by extensions ['ros']
[0.327s] Level 1:colcon.colcon_core.package_identification:_identify(eufs_sim/eufs_launcher) by extension 'ros'
[0.329s] DEBUG:colcon.colcon_core.package_identification:Package 'eufs_sim/eufs_launcher' with type 'ros.ament_python' and name 'eufs_launcher'
[0.329s] Level 1:colcon.colcon_core.package_identification:_identify(eufs_sim/eufs_models) by extensions ['ignore', 'ignore_ament_install']
[0.329s] Level 1:colcon.colcon_core.package_identification:_identify(eufs_sim/eufs_models) by extension 'ignore'
[0.329s] Level 1:colcon.colcon_core.package_identification:_identify(eufs_sim/eufs_models) by extension 'ignore_ament_install'
[0.329s] Level 1:colcon.colcon_core.package_identification:_identify(eufs_sim/eufs_models) by extensions ['colcon_pkg']
[0.329s] Level 1:colcon.colcon_core.package_identification:_identify(eufs_sim/eufs_models) by extension 'colcon_pkg'
[0.329s] Level 1:colcon.colcon_core.package_identification:_identify(eufs_sim/eufs_models) by extensions ['colcon_meta']
[0.329s] Level 1:colcon.colcon_core.package_identification:_identify(eufs_sim/eufs_models) by extension 'colcon_meta'
[0.330s] Level 1:colcon.colcon_core.package_identification:_identify(eufs_sim/eufs_models) by extensions ['ros']
[0.330s] Level 1:colcon.colcon_core.package_identification:_identify(eufs_sim/eufs_models) by extension 'ros'
[0.330s] DEBUG:colcon.colcon_core.package_identification:Package 'eufs_sim/eufs_models' with type 'ros.ament_cmake' and name 'eufs_models'
[0.331s] Level 1:colcon.colcon_core.package_identification:_identify(eufs_sim/eufs_plugins) by extensions ['ignore', 'ignore_ament_install']
[0.331s] Level 1:colcon.colcon_core.package_identification:_identify(eufs_sim/eufs_plugins) by extension 'ignore'
[0.331s] Level 1:colcon.colcon_core.package_identification:_identify(eufs_sim/eufs_plugins) by extension 'ignore_ament_install'
[0.331s] Level 1:colcon.colcon_core.package_identification:_identify(eufs_sim/eufs_plugins) by extensions ['colcon_pkg']
[0.331s] Level 1:colcon.colcon_core.package_identification:_identify(eufs_sim/eufs_plugins) by extension 'colcon_pkg'
[0.331s] Level 1:colcon.colcon_core.package_identification:_identify(eufs_sim/eufs_plugins) by extensions ['colcon_meta']
[0.331s] Level 1:colcon.colcon_core.package_identification:_identify(eufs_sim/eufs_plugins) by extension 'colcon_meta'
[0.331s] Level 1:colcon.colcon_core.package_identification:_identify(eufs_sim/eufs_plugins) by extensions ['ros']
[0.331s] Level 1:colcon.colcon_core.package_identification:_identify(eufs_sim/eufs_plugins) by extension 'ros'
[0.334s] DEBUG:colcon.colcon_core.package_identification:Package 'eufs_sim/eufs_plugins' with type 'ros.ament_cmake' and name 'eufs_plugins'
[0.334s] Level 1:colcon.colcon_core.package_identification:_identify(eufs_sim/eufs_racecar) by extensions ['ignore', 'ignore_ament_install']
[0.334s] Level 1:colcon.colcon_core.package_identification:_identify(eufs_sim/eufs_racecar) by extension 'ignore'
[0.334s] Level 1:colcon.colcon_core.package_identification:_identify(eufs_sim/eufs_racecar) by extension 'ignore_ament_install'
[0.334s] Level 1:colcon.colcon_core.package_identification:_identify(eufs_sim/eufs_racecar) by extensions ['colcon_pkg']
[0.334s] Level 1:colcon.colcon_core.package_identification:_identify(eufs_sim/eufs_racecar) by extension 'colcon_pkg'
[0.334s] Level 1:colcon.colcon_core.package_identification:_identify(eufs_sim/eufs_racecar) by extensions ['colcon_meta']
[0.334s] Level 1:colcon.colcon_core.package_identification:_identify(eufs_sim/eufs_racecar) by extension 'colcon_meta'
[0.334s] Level 1:colcon.colcon_core.package_identification:_identify(eufs_sim/eufs_racecar) by extensions ['ros']
[0.334s] Level 1:colcon.colcon_core.package_identification:_identify(eufs_sim/eufs_racecar) by extension 'ros'
[0.336s] DEBUG:colcon.colcon_core.package_identification:Package 'eufs_sim/eufs_racecar' with type 'ros.ament_python' and name 'eufs_racecar'
[0.336s] Level 1:colcon.colcon_core.package_identification:_identify(eufs_sim/eufs_rqt) by extensions ['ignore', 'ignore_ament_install']
[0.336s] Level 1:colcon.colcon_core.package_identification:_identify(eufs_sim/eufs_rqt) by extension 'ignore'
[0.336s] Level 1:colcon.colcon_core.package_identification:_identify(eufs_sim/eufs_rqt) by extension 'ignore_ament_install'
[0.336s] Level 1:colcon.colcon_core.package_identification:_identify(eufs_sim/eufs_rqt) by extensions ['colcon_pkg']
[0.336s] Level 1:colcon.colcon_core.package_identification:_identify(eufs_sim/eufs_rqt) by extension 'colcon_pkg'
[0.336s] Level 1:colcon.colcon_core.package_identification:_identify(eufs_sim/eufs_rqt) by extensions ['colcon_meta']
[0.336s] Level 1:colcon.colcon_core.package_identification:_identify(eufs_sim/eufs_rqt) by extension 'colcon_meta'
[0.337s] Level 1:colcon.colcon_core.package_identification:_identify(eufs_sim/eufs_rqt) by extensions ['ros']
[0.337s] Level 1:colcon.colcon_core.package_identification:_identify(eufs_sim/eufs_rqt) by extension 'ros'
[0.338s] DEBUG:colcon.colcon_core.package_identification:Package 'eufs_sim/eufs_rqt' with type 'ros.ament_python' and name 'eufs_rqt'
[0.338s] Level 1:colcon.colcon_core.package_identification:_identify(eufs_sim/eufs_sensors) by extensions ['ignore', 'ignore_ament_install']
[0.338s] Level 1:colcon.colcon_core.package_identification:_identify(eufs_sim/eufs_sensors) by extension 'ignore'
[0.338s] Level 1:colcon.colcon_core.package_identification:_identify(eufs_sim/eufs_sensors) by extension 'ignore_ament_install'
[0.338s] Level 1:colcon.colcon_core.package_identification:_identify(eufs_sim/eufs_sensors) by extensions ['colcon_pkg']
[0.338s] Level 1:colcon.colcon_core.package_identification:_identify(eufs_sim/eufs_sensors) by extension 'colcon_pkg'
[0.338s] Level 1:colcon.colcon_core.package_identification:_identify(eufs_sim/eufs_sensors) by extensions ['colcon_meta']
[0.338s] Level 1:colcon.colcon_core.package_identification:_identify(eufs_sim/eufs_sensors) by extension 'colcon_meta'
[0.338s] Level 1:colcon.colcon_core.package_identification:_identify(eufs_sim/eufs_sensors) by extensions ['ros']
[0.339s] Level 1:colcon.colcon_core.package_identification:_identify(eufs_sim/eufs_sensors) by extension 'ros'
[0.339s] DEBUG:colcon.colcon_core.package_identification:Package 'eufs_sim/eufs_sensors' with type 'ros.ament_cmake' and name 'eufs_sensors'
[0.340s] Level 1:colcon.colcon_core.package_identification:_identify(eufs_sim/eufs_tracks) by extensions ['ignore', 'ignore_ament_install']
[0.340s] Level 1:colcon.colcon_core.package_identification:_identify(eufs_sim/eufs_tracks) by extension 'ignore'
[0.340s] Level 1:colcon.colcon_core.package_identification:_identify(eufs_sim/eufs_tracks) by extension 'ignore_ament_install'
[0.340s] Level 1:colcon.colcon_core.package_identification:_identify(eufs_sim/eufs_tracks) by extensions ['colcon_pkg']
[0.340s] Level 1:colcon.colcon_core.package_identification:_identify(eufs_sim/eufs_tracks) by extension 'colcon_pkg'
[0.340s] Level 1:colcon.colcon_core.package_identification:_identify(eufs_sim/eufs_tracks) by extensions ['colcon_meta']
[0.340s] Level 1:colcon.colcon_core.package_identification:_identify(eufs_sim/eufs_tracks) by extension 'colcon_meta'
[0.340s] Level 1:colcon.colcon_core.package_identification:_identify(eufs_sim/eufs_tracks) by extensions ['ros']
[0.340s] Level 1:colcon.colcon_core.package_identification:_identify(eufs_sim/eufs_tracks) by extension 'ros'
[0.342s] DEBUG:colcon.colcon_core.package_identification:Package 'eufs_sim/eufs_tracks' with type 'ros.ament_python' and name 'eufs_tracks'
[0.342s] Level 1:colcon.colcon_core.package_identification:_identify(eufs_sim/perception) by extensions ['ignore', 'ignore_ament_install']
[0.342s] Level 1:colcon.colcon_core.package_identification:_identify(eufs_sim/perception) by extension 'ignore'
[0.342s] Level 1:colcon.colcon_core.package_identification:_identify(eufs_sim/perception) by extension 'ignore_ament_install'
[0.342s] Level 1:colcon.colcon_core.package_identification:_identify(eufs_sim/perception) by extensions ['colcon_pkg']
[0.342s] Level 1:colcon.colcon_core.package_identification:_identify(eufs_sim/perception) by extension 'colcon_pkg'
[0.342s] Level 1:colcon.colcon_core.package_identification:_identify(eufs_sim/perception) by extensions ['colcon_meta']
[0.342s] Level 1:colcon.colcon_core.package_identification:_identify(eufs_sim/perception) by extension 'colcon_meta'
[0.342s] Level 1:colcon.colcon_core.package_identification:_identify(eufs_sim/perception) by extensions ['ros']
[0.342s] Level 1:colcon.colcon_core.package_identification:_identify(eufs_sim/perception) by extension 'ros'
[0.343s] DEBUG:colcon.colcon_core.package_identification:Package 'eufs_sim/perception' with type 'ros.ament_python' and name 'perception'
[0.343s] Level 1:colcon.colcon_core.package_identification:_identify(install) by extensions ['ignore', 'ignore_ament_install']
[0.343s] Level 1:colcon.colcon_core.package_identification:_identify(install) by extension 'ignore'
[0.343s] Level 1:colcon.colcon_core.package_identification:_identify(install) ignored
[0.343s] Level 1:colcon.colcon_core.package_identification:_identify(log) by extensions ['ignore', 'ignore_ament_install']
[0.344s] Level 1:colcon.colcon_core.package_identification:_identify(log) by extension 'ignore'
[0.344s] Level 1:colcon.colcon_core.package_identification:_identify(log) ignored
[0.344s] Level 1:colcon.colcon_core.package_identification:_identify(ros_can) by extensions ['ignore', 'ignore_ament_install']
[0.344s] Level 1:colcon.colcon_core.package_identification:_identify(ros_can) by extension 'ignore'
[0.344s] Level 1:colcon.colcon_core.package_identification:_identify(ros_can) by extension 'ignore_ament_install'
[0.344s] Level 1:colcon.colcon_core.package_identification:_identify(ros_can) by extensions ['colcon_pkg']
[0.344s] Level 1:colcon.colcon_core.package_identification:_identify(ros_can) by extension 'colcon_pkg'
[0.344s] Level 1:colcon.colcon_core.package_identification:_identify(ros_can) by extensions ['colcon_meta']
[0.344s] Level 1:colcon.colcon_core.package_identification:_identify(ros_can) by extension 'colcon_meta'
[0.344s] Level 1:colcon.colcon_core.package_identification:_identify(ros_can) by extensions ['ros']
[0.344s] Level 1:colcon.colcon_core.package_identification:_identify(ros_can) by extension 'ros'
[0.346s] DEBUG:colcon.colcon_core.package_identification:Package 'ros_can' with type 'ros.ament_cmake' and name 'ros_can'
[0.346s] Level 1:colcon.colcon_core.package_discovery:discover_packages(recursive) using defaults
[0.346s] Level 1:colcon.colcon_core.package_discovery:discover_packages(ignore) discover
[0.346s] Level 1:colcon.colcon_core.package_discovery:discover_packages(ignore) using defaults
[0.346s] Level 1:colcon.colcon_core.package_discovery:discover_packages(path) discover
[0.346s] Level 1:colcon.colcon_core.package_discovery:discover_packages(path) using defaults
[0.380s] Level 1:colcon.colcon_core.package_discovery:discover_packages(prefix_path) check parameters
[0.380s] Level 1:colcon.colcon_core.package_discovery:discover_packages(prefix_path) discover
[0.381s] Level 1:colcon.colcon_core.package_discovery:discover_packages(prefix_path) using defaults
[0.383s] Level 5:colcon.colcon_core.verb:set package 'control' build argument 'cmake_args' from command line to 'None'
[0.383s] Level 5:colcon.colcon_core.verb:set package 'control' build argument 'cmake_target' from command line to 'None'
[0.383s] Level 5:colcon.colcon_core.verb:set package 'control' build argument 'cmake_target_skip_unavailable' from command line to 'False'
[0.383s] Level 5:colcon.colcon_core.verb:set package 'control' build argument 'cmake_clean_cache' from command line to 'False'
[0.383s] Level 5:colcon.colcon_core.verb:set package 'control' build argument 'cmake_clean_first' from command line to 'False'
[0.383s] Level 5:colcon.colcon_core.verb:set package 'control' build argument 'cmake_force_configure' from command line to 'False'
[0.383s] Level 5:colcon.colcon_core.verb:set package 'control' build argument 'ament_cmake_args' from command line to 'None'
[0.383s] Level 5:colcon.colcon_core.verb:set package 'control' build argument 'catkin_cmake_args' from command line to 'None'
[0.383s] Level 5:colcon.colcon_core.verb:set package 'control' build argument 'catkin_skip_building_tests' from command line to 'False'
[0.383s] DEBUG:colcon.colcon_core.verb:Building package 'control' with the following arguments: {'ament_cmake_args': None, 'build_base': '/home/alan/Documents/bristol_fsai_sim-docker/build/control', 'catkin_cmake_args': None, 'catkin_skip_building_tests': False, 'cmake_args': None, 'cmake_clean_cache': False, 'cmake_clean_first': False, 'cmake_force_configure': False, 'cmake_target': None, 'cmake_target_skip_unavailable': False, 'install_base': '/home/alan/Documents/bristol_fsai_sim-docker/install/control', 'merge_install': False, 'path': '/home/alan/Documents/bristol_fsai_sim-docker/eufs_sim/control', 'symlink_install': True, 'test_result_base': None}
[0.384s] Level 5:colcon.colcon_core.verb:set package 'eufs_msgs' build argument 'cmake_args' from command line to 'None'
[0.384s] Level 5:colcon.colcon_core.verb:set package 'eufs_msgs' build argument 'cmake_target' from command line to 'None'
[0.384s] Level 5:colcon.colcon_core.verb:set package 'eufs_msgs' build argument 'cmake_target_skip_unavailable' from command line to 'False'
[0.384s] Level 5:colcon.colcon_core.verb:set package 'eufs_msgs' build argument 'cmake_clean_cache' from command line to 'False'
[0.384s] Level 5:colcon.colcon_core.verb:set package 'eufs_msgs' build argument 'cmake_clean_first' from command line to 'False'
[0.384s] Level 5:colcon.colcon_core.verb:set package 'eufs_msgs' build argument 'cmake_force_configure' from command line to 'False'
[0.384s] Level 5:colcon.colcon_core.verb:set package 'eufs_msgs' build argument 'ament_cmake_args' from command line to 'None'
[0.384s] Level 5:colcon.colcon_core.verb:set package 'eufs_msgs' build argument 'catkin_cmake_args' from command line to 'None'
[0.384s] Level 5:colcon.colcon_core.verb:set package 'eufs_msgs' build argument 'catkin_skip_building_tests' from command line to 'False'
[0.384s] DEBUG:colcon.colcon_core.verb:Building package 'eufs_msgs' with the following arguments: {'ament_cmake_args': None, 'build_base': '/home/alan/Documents/bristol_fsai_sim-docker/build/eufs_msgs', 'catkin_cmake_args': None, 'catkin_skip_building_tests': False, 'cmake_args': None, 'cmake_clean_cache': False, 'cmake_clean_first': False, 'cmake_force_configure': False, 'cmake_target': None, 'cmake_target_skip_unavailable': False, 'install_base': '/home/alan/Documents/bristol_fsai_sim-docker/install/eufs_msgs', 'merge_install': False, 'path': '/home/alan/Documents/bristol_fsai_sim-docker/eufs_msgs', 'symlink_install': True, 'test_result_base': None}
[0.385s] Level 5:colcon.colcon_core.verb:set package 'eufs_racecar' build argument 'cmake_args' from command line to 'None'
[0.385s] Level 5:colcon.colcon_core.verb:set package 'eufs_racecar' build argument 'cmake_target' from command line to 'None'
[0.385s] Level 5:colcon.colcon_core.verb:set package 'eufs_racecar' build argument 'cmake_target_skip_unavailable' from command line to 'False'
[0.385s] Level 5:colcon.colcon_core.verb:set package 'eufs_racecar' build argument 'cmake_clean_cache' from command line to 'False'
[0.385s] Level 5:colcon.colcon_core.verb:set package 'eufs_racecar' build argument 'cmake_clean_first' from command line to 'False'
[0.385s] Level 5:colcon.colcon_core.verb:set package 'eufs_racecar' build argument 'cmake_force_configure' from command line to 'False'
[0.385s] Level 5:colcon.colcon_core.verb:set package 'eufs_racecar' build argument 'ament_cmake_args' from command line to 'None'
[0.385s] Level 5:colcon.colcon_core.verb:set package 'eufs_racecar' build argument 'catkin_cmake_args' from command line to 'None'
[0.385s] Level 5:colcon.colcon_core.verb:set package 'eufs_racecar' build argument 'catkin_skip_building_tests' from command line to 'False'
[0.385s] DEBUG:colcon.colcon_core.verb:Building package 'eufs_racecar' with the following arguments: {'ament_cmake_args': None, 'build_base': '/home/alan/Documents/bristol_fsai_sim-docker/build/eufs_racecar', 'catkin_cmake_args': None, 'catkin_skip_building_tests': False, 'cmake_args': None, 'cmake_clean_cache': False, 'cmake_clean_first': False, 'cmake_force_configure': False, 'cmake_target': None, 'cmake_target_skip_unavailable': False, 'install_base': '/home/alan/Documents/bristol_fsai_sim-docker/install/eufs_racecar', 'merge_install': False, 'path': '/home/alan/Documents/bristol_fsai_sim-docker/eufs_sim/eufs_racecar', 'symlink_install': True, 'test_result_base': None}
[0.386s] Level 5:colcon.colcon_core.verb:set package 'eufs_sensors' build argument 'cmake_args' from command line to 'None'
[0.386s] Level 5:colcon.colcon_core.verb:set package 'eufs_sensors' build argument 'cmake_target' from command line to 'None'
[0.386s] Level 5:colcon.colcon_core.verb:set package 'eufs_sensors' build argument 'cmake_target_skip_unavailable' from command line to 'False'
[0.386s] Level 5:colcon.colcon_core.verb:set package 'eufs_sensors' build argument 'cmake_clean_cache' from command line to 'False'
[0.386s] Level 5:colcon.colcon_core.verb:set package 'eufs_sensors' build argument 'cmake_clean_first' from command line to 'False'
[0.386s] Level 5:colcon.colcon_core.verb:set package 'eufs_sensors' build argument 'cmake_force_configure' from command line to 'False'
[0.386s] Level 5:colcon.colcon_core.verb:set package 'eufs_sensors' build argument 'ament_cmake_args' from command line to 'None'
[0.386s] Level 5:colcon.colcon_core.verb:set package 'eufs_sensors' build argument 'catkin_cmake_args' from command line to 'None'
[0.386s] Level 5:colcon.colcon_core.verb:set package 'eufs_sensors' build argument 'catkin_skip_building_tests' from command line to 'False'
[0.386s] DEBUG:colcon.colcon_core.verb:Building package 'eufs_sensors' with the following arguments: {'ament_cmake_args': None, 'build_base': '/home/alan/Documents/bristol_fsai_sim-docker/build/eufs_sensors', 'catkin_cmake_args': None, 'catkin_skip_building_tests': False, 'cmake_args': None, 'cmake_clean_cache': False, 'cmake_clean_first': False, 'cmake_force_configure': False, 'cmake_target': None, 'cmake_target_skip_unavailable': False, 'install_base': '/home/alan/Documents/bristol_fsai_sim-docker/install/eufs_sensors', 'merge_install': False, 'path': '/home/alan/Documents/bristol_fsai_sim-docker/eufs_sim/eufs_sensors', 'symlink_install': True, 'test_result_base': None}
[0.386s] Level 5:colcon.colcon_core.verb:set package 'eufs_tracks' build argument 'cmake_args' from command line to 'None'
[0.386s] Level 5:colcon.colcon_core.verb:set package 'eufs_tracks' build argument 'cmake_target' from command line to 'None'
[0.386s] Level 5:colcon.colcon_core.verb:set package 'eufs_tracks' build argument 'cmake_target_skip_unavailable' from command line to 'False'
[0.386s] Level 5:colcon.colcon_core.verb:set package 'eufs_tracks' build argument 'cmake_clean_cache' from command line to 'False'
[0.387s] Level 5:colcon.colcon_core.verb:set package 'eufs_tracks' build argument 'cmake_clean_first' from command line to 'False'
[0.387s] Level 5:colcon.colcon_core.verb:set package 'eufs_tracks' build argument 'cmake_force_configure' from command line to 'False'
[0.387s] Level 5:colcon.colcon_core.verb:set package 'eufs_tracks' build argument 'ament_cmake_args' from command line to 'None'
[0.387s] Level 5:colcon.colcon_core.verb:set package 'eufs_tracks' build argument 'catkin_cmake_args' from command line to 'None'
[0.387s] Level 5:colcon.colcon_core.verb:set package 'eufs_tracks' build argument 'catkin_skip_building_tests' from command line to 'False'
[0.387s] DEBUG:colcon.colcon_core.verb:Building package 'eufs_tracks' with the following arguments: {'ament_cmake_args': None, 'build_base': '/home/alan/Documents/bristol_fsai_sim-docker/build/eufs_tracks', 'catkin_cmake_args': None, 'catkin_skip_building_tests': False, 'cmake_args': None, 'cmake_clean_cache': False, 'cmake_clean_first': False, 'cmake_force_configure': False, 'cmake_target': None, 'cmake_target_skip_unavailable': False, 'install_base': '/home/alan/Documents/bristol_fsai_sim-docker/install/eufs_tracks', 'merge_install': False, 'path': '/home/alan/Documents/bristol_fsai_sim-docker/eufs_sim/eufs_tracks', 'symlink_install': True, 'test_result_base': None}
[0.387s] Level 5:colcon.colcon_core.verb:set package 'perception' build argument 'cmake_args' from command line to 'None'
[0.387s] Level 5:colcon.colcon_core.verb:set package 'perception' build argument 'cmake_target' from command line to 'None'
[0.387s] Level 5:colcon.colcon_core.verb:set package 'perception' build argument 'cmake_target_skip_unavailable' from command line to 'False'
[0.387s] Level 5:colcon.colcon_core.verb:set package 'perception' build argument 'cmake_clean_cache' from command line to 'False'
[0.387s] Level 5:colcon.colcon_core.verb:set package 'perception' build argument 'cmake_clean_first' from command line to 'False'
[0.387s] Level 5:colcon.colcon_core.verb:set package 'perception' build argument 'cmake_force_configure' from command line to 'False'
[0.387s] Level 5:colcon.colcon_core.verb:set package 'perception' build argument 'ament_cmake_args' from command line to 'None'
[0.387s] Level 5:colcon.colcon_core.verb:set package 'perception' build argument 'catkin_cmake_args' from command line to 'None'
[0.387s] Level 5:colcon.colcon_core.verb:set package 'perception' build argument 'catkin_skip_building_tests' from command line to 'False'
[0.387s] DEBUG:colcon.colcon_core.verb:Building package 'perception' with the following arguments: {'ament_cmake_args': None, 'build_base': '/home/alan/Documents/bristol_fsai_sim-docker/build/perception', 'catkin_cmake_args': None, 'catkin_skip_building_tests': False, 'cmake_args': None, 'cmake_clean_cache': False, 'cmake_clean_first': False, 'cmake_force_configure': False, 'cmake_target': None, 'cmake_target_skip_unavailable': False, 'install_base': '/home/alan/Documents/bristol_fsai_sim-docker/install/perception', 'merge_install': False, 'path': '/home/alan/Documents/bristol_fsai_sim-docker/eufs_sim/perception', 'symlink_install': True, 'test_result_base': None}
[0.388s] Level 5:colcon.colcon_core.verb:set package 'control_cpp' build argument 'cmake_args' from command line to 'None'
[0.388s] Level 5:colcon.colcon_core.verb:set package 'control_cpp' build argument 'cmake_target' from command line to 'None'
[0.388s] Level 5:colcon.colcon_core.verb:set package 'control_cpp' build argument 'cmake_target_skip_unavailable' from command line to 'False'
[0.388s] Level 5:colcon.colcon_core.verb:set package 'control_cpp' build argument 'cmake_clean_cache' from command line to 'False'
[0.388s] Level 5:colcon.colcon_core.verb:set package 'control_cpp' build argument 'cmake_clean_first' from command line to 'False'
[0.388s] Level 5:colcon.colcon_core.verb:set package 'control_cpp' build argument 'cmake_force_configure' from command line to 'False'
[0.388s] Level 5:colcon.colcon_core.verb:set package 'control_cpp' build argument 'ament_cmake_args' from command line to 'None'
[0.388s] Level 5:colcon.colcon_core.verb:set package 'control_cpp' build argument 'catkin_cmake_args' from command line to 'None'
[0.388s] Level 5:colcon.colcon_core.verb:set package 'control_cpp' build argument 'catkin_skip_building_tests' from command line to 'False'
[0.388s] DEBUG:colcon.colcon_core.verb:Building package 'control_cpp' with the following arguments: {'ament_cmake_args': None, 'build_base': '/home/alan/Documents/bristol_fsai_sim-docker/build/control_cpp', 'catkin_cmake_args': None, 'catkin_skip_building_tests': False, 'cmake_args': None, 'cmake_clean_cache': False, 'cmake_clean_first': False, 'cmake_force_configure': False, 'cmake_target': None, 'cmake_target_skip_unavailable': False, 'install_base': '/home/alan/Documents/bristol_fsai_sim-docker/install/control_cpp', 'merge_install': False, 'path': '/home/alan/Documents/bristol_fsai_sim-docker/eufs_sim/control_cpp', 'symlink_install': True, 'test_result_base': None}
[0.389s] Level 5:colcon.colcon_core.verb:set package 'eufs_launcher' build argument 'cmake_args' from command line to 'None'
[0.389s] Level 5:colcon.colcon_core.verb:set package 'eufs_launcher' build argument 'cmake_target' from command line to 'None'
[0.389s] Level 5:colcon.colcon_core.verb:set package 'eufs_launcher' build argument 'cmake_target_skip_unavailable' from command line to 'False'
[0.389s] Level 5:colcon.colcon_core.verb:set package 'eufs_launcher' build argument 'cmake_clean_cache' from command line to 'False'
[0.389s] Level 5:colcon.colcon_core.verb:set package 'eufs_launcher' build argument 'cmake_clean_first' from command line to 'False'
[0.389s] Level 5:colcon.colcon_core.verb:set package 'eufs_launcher' build argument 'cmake_force_configure' from command line to 'False'
[0.389s] Level 5:colcon.colcon_core.verb:set package 'eufs_launcher' build argument 'ament_cmake_args' from command line to 'None'
[0.389s] Level 5:colcon.colcon_core.verb:set package 'eufs_launcher' build argument 'catkin_cmake_args' from command line to 'None'
[0.389s] Level 5:colcon.colcon_core.verb:set package 'eufs_launcher' build argument 'catkin_skip_building_tests' from command line to 'False'
[0.389s] DEBUG:colcon.colcon_core.verb:Building package 'eufs_launcher' with the following arguments: {'ament_cmake_args': None, 'build_base': '/home/alan/Documents/bristol_fsai_sim-docker/build/eufs_launcher', 'catkin_cmake_args': None, 'catkin_skip_building_tests': False, 'cmake_args': None, 'cmake_clean_cache': False, 'cmake_clean_first': False, 'cmake_force_configure': False, 'cmake_target': None, 'cmake_target_skip_unavailable': False, 'install_base': '/home/alan/Documents/bristol_fsai_sim-docker/install/eufs_launcher', 'merge_install': False, 'path': '/home/alan/Documents/bristol_fsai_sim-docker/eufs_sim/eufs_launcher', 'symlink_install': True, 'test_result_base': None}
[0.389s] Level 5:colcon.colcon_core.verb:set package 'eufs_models' build argument 'cmake_args' from command line to 'None'
[0.389s] Level 5:colcon.colcon_core.verb:set package 'eufs_models' build argument 'cmake_target' from command line to 'None'
[0.389s] Level 5:colcon.colcon_core.verb:set package 'eufs_models' build argument 'cmake_target_skip_unavailable' from command line to 'False'
[0.389s] Level 5:colcon.colcon_core.verb:set package 'eufs_models' build argument 'cmake_clean_cache' from command line to 'False'
[0.389s] Level 5:colcon.colcon_core.verb:set package 'eufs_models' build argument 'cmake_clean_first' from command line to 'False'
[0.390s] Level 5:colcon.colcon_core.verb:set package 'eufs_models' build argument 'cmake_force_configure' from command line to 'False'
[0.390s] Level 5:colcon.colcon_core.verb:set package 'eufs_models' build argument 'ament_cmake_args' from command line to 'None'
[0.390s] Level 5:colcon.colcon_core.verb:set package 'eufs_models' build argument 'catkin_cmake_args' from command line to 'None'
[0.390s] Level 5:colcon.colcon_core.verb:set package 'eufs_models' build argument 'catkin_skip_building_tests' from command line to 'False'
[0.390s] DEBUG:colcon.colcon_core.verb:Building package 'eufs_models' with the following arguments: {'ament_cmake_args': None, 'build_base': '/home/alan/Documents/bristol_fsai_sim-docker/build/eufs_models', 'catkin_cmake_args': None, 'catkin_skip_building_tests': False, 'cmake_args': None, 'cmake_clean_cache': False, 'cmake_clean_first': False, 'cmake_force_configure': False, 'cmake_target': None, 'cmake_target_skip_unavailable': False, 'install_base': '/home/alan/Documents/bristol_fsai_sim-docker/install/eufs_models', 'merge_install': False, 'path': '/home/alan/Documents/bristol_fsai_sim-docker/eufs_sim/eufs_models', 'symlink_install': True, 'test_result_base': None}
[0.390s] Level 5:colcon.colcon_core.verb:set package 'eufs_rqt' build argument 'cmake_args' from command line to 'None'
[0.390s] Level 5:colcon.colcon_core.verb:set package 'eufs_rqt' build argument 'cmake_target' from command line to 'None'
[0.390s] Level 5:colcon.colcon_core.verb:set package 'eufs_rqt' build argument 'cmake_target_skip_unavailable' from command line to 'False'
[0.390s] Level 5:colcon.colcon_core.verb:set package 'eufs_rqt' build argument 'cmake_clean_cache' from command line to 'False'
[0.390s] Level 5:colcon.colcon_core.verb:set package 'eufs_rqt' build argument 'cmake_clean_first' from command line to 'False'
[0.390s] Level 5:colcon.colcon_core.verb:set package 'eufs_rqt' build argument 'cmake_force_configure' from command line to 'False'
[0.390s] Level 5:colcon.colcon_core.verb:set package 'eufs_rqt' build argument 'ament_cmake_args' from command line to 'None'
[0.390s] Level 5:colcon.colcon_core.verb:set package 'eufs_rqt' build argument 'catkin_cmake_args' from command line to 'None'
[0.390s] Level 5:colcon.colcon_core.verb:set package 'eufs_rqt' build argument 'catkin_skip_building_tests' from command line to 'False'
[0.390s] DEBUG:colcon.colcon_core.verb:Building package 'eufs_rqt' with the following arguments: {'ament_cmake_args': None, 'build_base': '/home/alan/Documents/bristol_fsai_sim-docker/build/eufs_rqt', 'catkin_cmake_args': None, 'catkin_skip_building_tests': False, 'cmake_args': None, 'cmake_clean_cache': False, 'cmake_clean_first': False, 'cmake_force_configure': False, 'cmake_target': None, 'cmake_target_skip_unavailable': False, 'install_base': '/home/alan/Documents/bristol_fsai_sim-docker/install/eufs_rqt', 'merge_install': False, 'path': '/home/alan/Documents/bristol_fsai_sim-docker/eufs_sim/eufs_rqt', 'symlink_install': True, 'test_result_base': None}
[0.391s] Level 5:colcon.colcon_core.verb:set package 'eufs_rviz_plugins' build argument 'cmake_args' from command line to 'None'
[0.391s] Level 5:colcon.colcon_core.verb:set package 'eufs_rviz_plugins' build argument 'cmake_target' from command line to 'None'
[0.391s] Level 5:colcon.colcon_core.verb:set package 'eufs_rviz_plugins' build argument 'cmake_target_skip_unavailable' from command line to 'False'
[0.391s] Level 5:colcon.colcon_core.verb:set package 'eufs_rviz_plugins' build argument 'cmake_clean_cache' from command line to 'False'
[0.391s] Level 5:colcon.colcon_core.verb:set package 'eufs_rviz_plugins' build argument 'cmake_clean_first' from command line to 'False'
[0.391s] Level 5:colcon.colcon_core.verb:set package 'eufs_rviz_plugins' build argument 'cmake_force_configure' from command line to 'False'
[0.391s] Level 5:colcon.colcon_core.verb:set package 'eufs_rviz_plugins' build argument 'ament_cmake_args' from command line to 'None'
[0.391s] Level 5:colcon.colcon_core.verb:set package 'eufs_rviz_plugins' build argument 'catkin_cmake_args' from command line to 'None'
[0.391s] Level 5:colcon.colcon_core.verb:set package 'eufs_rviz_plugins' build argument 'catkin_skip_building_tests' from command line to 'False'
[0.391s] DEBUG:colcon.colcon_core.verb:Building package 'eufs_rviz_plugins' with the following arguments: {'ament_cmake_args': None, 'build_base': '/home/alan/Documents/bristol_fsai_sim-docker/build/eufs_rviz_plugins', 'catkin_cmake_args': None, 'catkin_skip_building_tests': False, 'cmake_args': None, 'cmake_clean_cache': False, 'cmake_clean_first': False, 'cmake_force_configure': False, 'cmake_target': None, 'cmake_target_skip_unavailable': False, 'install_base': '/home/alan/Documents/bristol_fsai_sim-docker/install/eufs_rviz_plugins', 'merge_install': False, 'path': '/home/alan/Documents/bristol_fsai_sim-docker/eufs_rviz_plugins', 'symlink_install': True, 'test_result_base': None}
[0.391s] Level 5:colcon.colcon_core.verb:set package 'ros_can' build argument 'cmake_args' from command line to 'None'
[0.392s] Level 5:colcon.colcon_core.verb:set package 'ros_can' build argument 'cmake_target' from command line to 'None'
[0.392s] Level 5:colcon.colcon_core.verb:set package 'ros_can' build argument 'cmake_target_skip_unavailable' from command line to 'False'
[0.392s] Level 5:colcon.colcon_core.verb:set package 'ros_can' build argument 'cmake_clean_cache' from command line to 'False'
[0.392s] Level 5:colcon.colcon_core.verb:set package 'ros_can' build argument 'cmake_clean_first' from command line to 'False'
[0.392s] Level 5:colcon.colcon_core.verb:set package 'ros_can' build argument 'cmake_force_configure' from command line to 'False'
[0.392s] Level 5:colcon.colcon_core.verb:set package 'ros_can' build argument 'ament_cmake_args' from command line to 'None'
[0.392s] Level 5:colcon.colcon_core.verb:set package 'ros_can' build argument 'catkin_cmake_args' from command line to 'None'
[0.392s] Level 5:colcon.colcon_core.verb:set package 'ros_can' build argument 'catkin_skip_building_tests' from command line to 'False'
[0.392s] DEBUG:colcon.colcon_core.verb:Building package 'ros_can' with the following arguments: {'ament_cmake_args': None, 'build_base': '/home/alan/Documents/bristol_fsai_sim-docker/build/ros_can', 'catkin_cmake_args': None, 'catkin_skip_building_tests': False, 'cmake_args': None, 'cmake_clean_cache': False, 'cmake_clean_first': False, 'cmake_force_configure': False, 'cmake_target': None, 'cmake_target_skip_unavailable': False, 'install_base': '/home/alan/Documents/bristol_fsai_sim-docker/install/ros_can', 'merge_install': False, 'path': '/home/alan/Documents/bristol_fsai_sim-docker/ros_can', 'symlink_install': True, 'test_result_base': None}
[0.392s] Level 5:colcon.colcon_core.verb:set package 'eufs_plugins' build argument 'cmake_args' from command line to 'None'
[0.392s] Level 5:colcon.colcon_core.verb:set package 'eufs_plugins' build argument 'cmake_target' from command line to 'None'
[0.392s] Level 5:colcon.colcon_core.verb:set package 'eufs_plugins' build argument 'cmake_target_skip_unavailable' from command line to 'False'
[0.392s] Level 5:colcon.colcon_core.verb:set package 'eufs_plugins' build argument 'cmake_clean_cache' from command line to 'False'
[0.392s] Level 5:colcon.colcon_core.verb:set package 'eufs_plugins' build argument 'cmake_clean_first' from command line to 'False'
[0.392s] Level 5:colcon.colcon_core.verb:set package 'eufs_plugins' build argument 'cmake_force_configure' from command line to 'False'
[0.392s] Level 5:colcon.colcon_core.verb:set package 'eufs_plugins' build argument 'ament_cmake_args' from command line to 'None'
[0.392s] Level 5:colcon.colcon_core.verb:set package 'eufs_plugins' build argument 'catkin_cmake_args' from command line to 'None'
[0.392s] Level 5:colcon.colcon_core.verb:set package 'eufs_plugins' build argument 'catkin_skip_building_tests' from command line to 'False'
[0.392s] DEBUG:colcon.colcon_core.verb:Building package 'eufs_plugins' with the following arguments: {'ament_cmake_args': None, 'build_base': '/home/alan/Documents/bristol_fsai_sim-docker/build/eufs_plugins', 'catkin_cmake_args': None, 'catkin_skip_building_tests': False, 'cmake_args': None, 'cmake_clean_cache': False, 'cmake_clean_first': False, 'cmake_force_configure': False, 'cmake_target': None, 'cmake_target_skip_unavailable': False, 'install_base': '/home/alan/Documents/bristol_fsai_sim-docker/install/eufs_plugins', 'merge_install': False, 'path': '/home/alan/Documents/bristol_fsai_sim-docker/eufs_sim/eufs_plugins', 'symlink_install': True, 'test_result_base': None}
[0.393s] INFO:colcon.colcon_core.executor:Executing jobs using 'parallel' executor
[0.395s] DEBUG:colcon.colcon_parallel_executor.executor.parallel:run_until_complete
[0.395s] INFO:colcon.colcon_ros.task.ament_cmake.build:Building ROS package in '/home/alan/Documents/bristol_fsai_sim-docker/eufs_msgs' with build type 'ament_cmake'
[0.396s] INFO:colcon.colcon_cmake.task.cmake.build:Building CMake package in '/home/alan/Documents/bristol_fsai_sim-docker/eufs_msgs'
[0.400s] INFO:colcon.colcon_core.plugin_system:Skipping extension 'colcon_core.shell.bat': Not used on non-Windows systems
[0.400s] INFO:colcon.colcon_core.shell:Skip shell extension 'powershell' for command environment: Not usable outside of PowerShell
[0.401s] DEBUG:colcon.colcon_core.shell:Skip shell extension 'dsv' for command environment
[0.404s] INFO:colcon.colcon_ros.task.ament_python.build:Building ROS package in '/home/alan/Documents/bristol_fsai_sim-docker/eufs_sim/eufs_tracks' with build type 'ament_python'
[0.404s] Level 1:colcon.colcon_core.shell:create_environment_hook('eufs_tracks', 'ament_prefix_path')
[0.404s] INFO:colcon.colcon_core.shell:Creating environment hook '/home/alan/Documents/bristol_fsai_sim-docker/install/eufs_tracks/share/eufs_tracks/hook/ament_prefix_path.ps1'
[0.406s] INFO:colcon.colcon_core.shell:Creating environment descriptor '/home/alan/Documents/bristol_fsai_sim-docker/install/eufs_tracks/share/eufs_tracks/hook/ament_prefix_path.dsv'
[0.406s] INFO:colcon.colcon_core.shell:Creating environment hook '/home/alan/Documents/bristol_fsai_sim-docker/install/eufs_tracks/share/eufs_tracks/hook/ament_prefix_path.sh'
[0.407s] INFO:colcon.colcon_core.shell:Skip shell extension 'powershell' for command environment: Not usable outside of PowerShell
[0.408s] DEBUG:colcon.colcon_core.shell:Skip shell extension 'dsv' for command environment
[0.409s] INFO:colcon.colcon_ros.task.ament_python.build:Building ROS package in '/home/alan/Documents/bristol_fsai_sim-docker/eufs_sim/control' with build type 'ament_python'
[0.409s] Level 1:colcon.colcon_core.shell:create_environment_hook('control', 'ament_prefix_path')
[0.410s] INFO:colcon.colcon_core.shell:Creating environment hook '/home/alan/Documents/bristol_fsai_sim-docker/install/control/share/control/hook/ament_prefix_path.ps1'
[0.411s] INFO:colcon.colcon_core.shell:Creating environment descriptor '/home/alan/Documents/bristol_fsai_sim-docker/install/control/share/control/hook/ament_prefix_path.dsv'
[0.411s] INFO:colcon.colcon_core.shell:Creating environment hook '/home/alan/Documents/bristol_fsai_sim-docker/install/control/share/control/hook/ament_prefix_path.sh'
[0.412s] INFO:colcon.colcon_core.shell:Skip shell extension 'powershell' for command environment: Not usable outside of PowerShell
[0.412s] DEBUG:colcon.colcon_core.shell:Skip shell extension 'dsv' for command environment
[0.413s] INFO:colcon.colcon_ros.task.ament_python.build:Building ROS package in '/home/alan/Documents/bristol_fsai_sim-docker/eufs_sim/eufs_racecar' with build type 'ament_python'
[0.414s] Level 1:colcon.colcon_core.shell:create_environment_hook('eufs_racecar', 'ament_prefix_path')
[0.414s] INFO:colcon.colcon_core.shell:Creating environment hook '/home/alan/Documents/bristol_fsai_sim-docker/install/eufs_racecar/share/eufs_racecar/hook/ament_prefix_path.ps1'
[0.415s] INFO:colcon.colcon_core.shell:Creating environment descriptor '/home/alan/Documents/bristol_fsai_sim-docker/install/eufs_racecar/share/eufs_racecar/hook/ament_prefix_path.dsv'
[0.416s] INFO:colcon.colcon_core.shell:Creating environment hook '/home/alan/Documents/bristol_fsai_sim-docker/install/eufs_racecar/share/eufs_racecar/hook/ament_prefix_path.sh'
[0.417s] INFO:colcon.colcon_core.shell:Skip shell extension 'powershell' for command environment: Not usable outside of PowerShell
[0.417s] DEBUG:colcon.colcon_core.shell:Skip shell extension 'dsv' for command environment
[0.418s] INFO:colcon.colcon_ros.task.ament_cmake.build:Building ROS package in '/home/alan/Documents/bristol_fsai_sim-docker/eufs_sim/eufs_sensors' with build type 'ament_cmake'
[0.418s] INFO:colcon.colcon_cmake.task.cmake.build:Building CMake package in '/home/alan/Documents/bristol_fsai_sim-docker/eufs_sim/eufs_sensors'
[0.418s] INFO:colcon.colcon_core.shell:Skip shell extension 'powershell' for command environment: Not usable outside of PowerShell
[0.419s] DEBUG:colcon.colcon_core.shell:Skip shell extension 'dsv' for command environment
[0.420s] INFO:colcon.colcon_ros.task.ament_python.build:Building ROS package in '/home/alan/Documents/bristol_fsai_sim-docker/eufs_sim/perception' with build type 'ament_python'
[0.420s] Level 1:colcon.colcon_core.shell:create_environment_hook('perception', 'ament_prefix_path')
[0.420s] INFO:colcon.colcon_core.shell:Creating environment hook '/home/alan/Documents/bristol_fsai_sim-docker/install/perception/share/perception/hook/ament_prefix_path.ps1'
[0.422s] INFO:colcon.colcon_core.shell:Creating environment descriptor '/home/alan/Documents/bristol_fsai_sim-docker/install/perception/share/perception/hook/ament_prefix_path.dsv'
[0.422s] INFO:colcon.colcon_core.shell:Creating environment hook '/home/alan/Documents/bristol_fsai_sim-docker/install/perception/share/perception/hook/ament_prefix_path.sh'
[0.423s] INFO:colcon.colcon_core.shell:Skip shell extension 'powershell' for command environment: Not usable outside of PowerShell
[0.423s] DEBUG:colcon.colcon_core.shell:Skip shell extension 'dsv' for command environment
[0.431s] DEBUG:colcon.colcon_core.event_handler.log_command:Invoking command in '/home/alan/Documents/bristol_fsai_sim-docker/build/eufs_msgs': DEBUGINFOD_URLS=https://debuginfod.ubuntu.com /usr/bin/cmake /home/alan/Documents/bristol_fsai_sim-docker/eufs_msgs -DAMENT_CMAKE_SYMLINK_INSTALL=1 -DCMAKE_INSTALL_PREFIX=/home/alan/Documents/bristol_fsai_sim-docker/install/eufs_msgs
[0.832s] INFO:colcon.colcon_core.task.python.build:Building Python package in '/home/alan/Documents/bristol_fsai_sim-docker/eufs_sim/eufs_tracks'
[0.832s] INFO:colcon.colcon_core.shell:Skip shell extension 'powershell' for command environment: Not usable outside of PowerShell
[0.832s] DEBUG:colcon.colcon_core.shell:Skip shell extension 'dsv' for command environment
[1.214s] INFO:colcon.colcon_core.task.python.build:Building Python package in '/home/alan/Documents/bristol_fsai_sim-docker/eufs_sim/control'
[1.215s] INFO:colcon.colcon_core.shell:Skip shell extension 'powershell' for command environment: Not usable outside of PowerShell
[1.215s] DEBUG:colcon.colcon_core.shell:Skip shell extension 'dsv' for command environment
[1.606s] INFO:colcon.colcon_core.task.python.build:Building Python package in '/home/alan/Documents/bristol_fsai_sim-docker/eufs_sim/eufs_racecar'
[1.606s] INFO:colcon.colcon_core.shell:Skip shell extension 'powershell' for command environment: Not usable outside of PowerShell
[1.607s] DEBUG:colcon.colcon_core.shell:Skip shell extension 'dsv' for command environment
[1.612s] DEBUG:colcon.colcon_core.event_handler.log_command:Invoking command in '/home/alan/Documents/bristol_fsai_sim-docker/build/eufs_sensors': DEBUGINFOD_URLS=https://debuginfod.ubuntu.com /usr/bin/cmake /home/alan/Documents/bristol_fsai_sim-docker/eufs_sim/eufs_sensors -DAMENT_CMAKE_SYMLINK_INSTALL=1 -DCMAKE_INSTALL_PREFIX=/home/alan/Documents/bristol_fsai_sim-docker/install/eufs_sensors
[1.998s] INFO:colcon.colcon_core.task.python.build:Building Python package in '/home/alan/Documents/bristol_fsai_sim-docker/eufs_sim/perception'
[1.998s] INFO:colcon.colcon_core.shell:Skip shell extension 'powershell' for command environment: Not usable outside of PowerShell
[1.998s] DEBUG:colcon.colcon_core.shell:Skip shell extension 'dsv' for command environment
[2.002s] DEBUG:colcon.colcon_core.event_handler.log_command:Invoked command in '/home/alan/Documents/bristol_fsai_sim-docker/build/eufs_msgs' returned '1': DEBUGINFOD_URLS=https://debuginfod.ubuntu.com /usr/bin/cmake /home/alan/Documents/bristol_fsai_sim-docker/eufs_msgs -DAMENT_CMAKE_SYMLINK_INSTALL=1 -DCMAKE_INSTALL_PREFIX=/home/alan/Documents/bristol_fsai_sim-docker/install/eufs_msgs
[2.018s] DEBUG:colcon.colcon_core.event_handler.log_command:Invoked command in '/home/alan/Documents/bristol_fsai_sim-docker/build/eufs_sensors' returned '1': DEBUGINFOD_URLS=https://debuginfod.ubuntu.com /usr/bin/cmake /home/alan/Documents/bristol_fsai_sim-docker/eufs_sim/eufs_sensors -DAMENT_CMAKE_SYMLINK_INSTALL=1 -DCMAKE_INSTALL_PREFIX=/home/alan/Documents/bristol_fsai_sim-docker/install/eufs_sensors
[2.026s] Level 1:colcon.colcon_core.environment:create_environment_scripts_only(eufs_msgs)
[2.032s] Level 1:colcon.colcon_core.environment:checking '/home/alan/Documents/bristol_fsai_sim-docker/install/eufs_msgs' for CMake module files
[2.033s] Level 1:colcon.colcon_core.environment:checking '/home/alan/Documents/bristol_fsai_sim-docker/install/eufs_msgs' for CMake config files
[2.035s] Level 1:colcon.colcon_core.environment:checking '/home/alan/Documents/bristol_fsai_sim-docker/install/eufs_msgs/bin'
[2.035s] Level 1:colcon.colcon_core.environment:checking '/home/alan/Documents/bristol_fsai_sim-docker/install/eufs_msgs/lib/pkgconfig/eufs_msgs.pc'
[2.036s] Level 1:colcon.colcon_core.environment:checking '/home/alan/Documents/bristol_fsai_sim-docker/install/eufs_msgs/lib/python3.12/site-packages'
[2.036s] Level 1:colcon.colcon_core.environment:checking '/home/alan/Documents/bristol_fsai_sim-docker/install/eufs_msgs/bin'
[2.037s] INFO:colcon.colcon_core.shell:Creating package script '/home/alan/Documents/bristol_fsai_sim-docker/install/eufs_msgs/share/eufs_msgs/package.ps1'
[2.039s] INFO:colcon.colcon_core.shell:Creating package descriptor '/home/alan/Documents/bristol_fsai_sim-docker/install/eufs_msgs/share/eufs_msgs/package.dsv'
[2.040s] INFO:colcon.colcon_core.shell:Creating package script '/home/alan/Documents/bristol_fsai_sim-docker/install/eufs_msgs/share/eufs_msgs/package.sh'
[2.042s] INFO:colcon.colcon_core.shell:Creating package script '/home/alan/Documents/bristol_fsai_sim-docker/install/eufs_msgs/share/eufs_msgs/package.bash'
[2.044s] INFO:colcon.colcon_core.shell:Creating package script '/home/alan/Documents/bristol_fsai_sim-docker/install/eufs_msgs/share/eufs_msgs/package.zsh'
[2.046s] Level 1:colcon.colcon_core.environment:create_file_with_runtime_dependencies(/home/alan/Documents/bristol_fsai_sim-docker/install/eufs_msgs/share/colcon-core/packages/eufs_msgs)
[2.854s] DEBUG:colcon.colcon_parallel_executor.executor.parallel:closing loop
[2.855s] DEBUG:colcon.colcon_parallel_executor.executor.parallel:loop closed
[2.855s] DEBUG:colcon.colcon_parallel_executor.executor.parallel:run_until_complete finished with '1'
[2.855s] DEBUG:colcon.colcon_core.event_reactor:joining thread
[2.867s] INFO:colcon.colcon_core.plugin_system:Skipping extension 'colcon_notification.desktop_notification.terminal_notifier': Not used on non-Darwin systems
[2.867s] INFO:colcon.colcon_core.plugin_system:Skipping extension 'colcon_notification.desktop_notification.win32': Not used on non-Windows systems
[2.867s] INFO:colcon.colcon_notification.desktop_notification:Sending desktop notification using 'notify2'
[2.892s] DEBUG:colcon.colcon_core.event_reactor:joined thread
[2.893s] INFO:colcon.colcon_core.shell:Creating prefix script '/home/alan/Documents/bristol_fsai_sim-docker/install/local_setup.ps1'
[2.894s] INFO:colcon.colcon_core.shell:Creating prefix util module '/home/alan/Documents/bristol_fsai_sim-docker/install/_local_setup_util_ps1.py'
[2.897s] INFO:colcon.colcon_core.shell:Creating prefix chain script '/home/alan/Documents/bristol_fsai_sim-docker/install/setup.ps1'
[2.898s] INFO:colcon.colcon_core.shell:Creating prefix script '/home/alan/Documents/bristol_fsai_sim-docker/install/local_setup.sh'
[2.899s] INFO:colcon.colcon_core.shell:Creating prefix util module '/home/alan/Documents/bristol_fsai_sim-docker/install/_local_setup_util_sh.py'
[2.901s] INFO:colcon.colcon_core.shell:Creating prefix chain script '/home/alan/Documents/bristol_fsai_sim-docker/install/setup.sh'
[2.902s] INFO:colcon.colcon_core.shell:Creating prefix script '/home/alan/Documents/bristol_fsai_sim-docker/install/local_setup.bash'
[2.903s] INFO:colcon.colcon_core.shell:Creating prefix chain script '/home/alan/Documents/bristol_fsai_sim-docker/install/setup.bash'
[2.904s] INFO:colcon.colcon_core.shell:Creating prefix script '/home/alan/Documents/bristol_fsai_sim-docker/install/local_setup.zsh'
[2.905s] INFO:colcon.colcon_core.shell:Creating prefix chain script '/home/alan/Documents/bristol_fsai_sim-docker/install/setup.zsh'
