[3.241s] Invoking command in '/bristol_fsai_sim-docker/build/control': PYTHONPATH=/bristol_fsai_sim-docker/build/control/prefix_override:/bristol_fsai_sim-docker/install/control/lib/python3.8/site-packages:${PYTHONPATH} /usr/bin/python3 setup.py develop --editable --build-directory /bristol_fsai_sim-docker/build/control/build --no-deps install_data
[3.860s] running develop
[4.174s] running egg_info
[4.175s] creating control.egg-info
[4.175s] writing control.egg-info/PKG-INFO
[4.175s] writing dependency_links to control.egg-info/dependency_links.txt
[4.178s] writing entry points to control.egg-info/entry_points.txt
[4.178s] writing requirements to control.egg-info/requires.txt
[4.179s] writing top-level names to control.egg-info/top_level.txt
[4.183s] writing manifest file 'control.egg-info/SOURCES.txt'
[4.312s] reading manifest file 'control.egg-info/SOURCES.txt'
[4.313s] writing manifest file 'control.egg-info/SOURCES.txt'
[4.433s] running build_ext
[4.438s] Creating /bristol_fsai_sim-docker/install/control/lib/python3.8/site-packages/site.py
[4.456s] Creating /bristol_fsai_sim-docker/install/control/lib/python3.8/site-packages/control.egg-link (link to .)
[4.456s] Installing control script to /bristol_fsai_sim-docker/install/control/lib/control
[4.457s] 
[4.457s] Installed /bristol_fsai_sim-docker/build/control
[4.457s] running install_data
[4.457s] creating /bristol_fsai_sim-docker/install/control/share/ament_index
[4.457s] creating /bristol_fsai_sim-docker/install/control/share/ament_index/resource_index
[4.457s] creating /bristol_fsai_sim-docker/install/control/share/ament_index/resource_index/packages
[4.458s] copying resource/control -> /bristol_fsai_sim-docker/install/control/share/ament_index/resource_index/packages
[4.458s] copying package.xml -> /bristol_fsai_sim-docker/install/control/share/control
[4.522s] Invoked command in '/bristol_fsai_sim-docker/build/control' returned '0': PYTHONPATH=/bristol_fsai_sim-docker/build/control/prefix_override:/bristol_fsai_sim-docker/install/control/lib/python3.8/site-packages:${PYTHONPATH} /usr/bin/python3 setup.py develop --editable --build-directory /bristol_fsai_sim-docker/build/control/build --no-deps install_data
