[0.394s] DEBUG:colcon:Command line arguments: ['/usr/bin/colcon', 'build', '--symlink-install']
[0.394s] DEBUG:colcon:Parsed command line arguments: Namespace(log_base=None, log_level=None, verb_name='build', build_base='build', install_base='install', merge_install=False, symlink_install=True, test_result_base=None, continue_on_error=False, executor='parallel', parallel_workers=8, event_handlers=None, ignore_user_meta=False, metas=['./colcon.meta'], base_paths=['.'], packages_ignore=None, packages_ignore_regex=None, paths=None, packages_up_to=None, packages_up_to_regex=None, packages_above=None, packages_above_and_dependencies=None, packages_above_depth=None, packages_select_by_dep=None, packages_skip_by_dep=None, packages_skip_up_to=None, packages_select_build_failed=False, packages_skip_build_finished=False, packages_select_test_failures=False, packages_skip_test_passed=False, packages_select=None, packages_skip=None, packages_select_regex=None, packages_skip_regex=None, packages_start=None, packages_end=None, allow_overriding=[], cmake_args=None, cmake_target=None, cmake_target_skip_unavailable=False, cmake_clean_cache=False, cmake_clean_first=False, cmake_force_configure=False, ament_cmake_args=None, catkin_cmake_args=None, catkin_skip_building_tests=False, mixin_files=None, mixin=None, verb_parser=<colcon_mixin.mixin.mixin_argument.MixinArgumentDecorator object at 0x74a2f71815b0>, verb_extension=<colcon_core.verb.build.BuildVerb object at 0x74a2f72ccb90>, main=<bound method BuildVerb.main of <colcon_core.verb.build.BuildVerb object at 0x74a2f72ccb90>>, mixin_verb=('build',))
[0.495s] Level 1:colcon.colcon_core.package_discovery:discover_packages(colcon_meta) check parameters
[0.495s] Level 1:colcon.colcon_core.package_discovery:discover_packages(recursive) check parameters
[0.495s] Level 1:colcon.colcon_core.package_discovery:discover_packages(ignore) check parameters
[0.495s] Level 1:colcon.colcon_core.package_discovery:discover_packages(path) check parameters
[0.495s] Level 1:colcon.colcon_core.package_discovery:discover_packages(colcon_meta) discover
[0.495s] Level 1:colcon.colcon_core.package_discovery:discover_packages(recursive) discover
[0.495s] INFO:colcon.colcon_core.package_discovery:Crawling recursively for packages in '/home/alan/Documents/bristol_fsai_sim-docker'
[0.496s] Level 1:colcon.colcon_core.package_identification:_identify(.) by extensions ['ignore', 'ignore_ament_install']
[0.496s] Level 1:colcon.colcon_core.package_identification:_identify(.) by extension 'ignore'
[0.496s] Level 1:colcon.colcon_core.package_identification:_identify(.) by extension 'ignore_ament_install'
[0.496s] Level 1:colcon.colcon_core.package_identification:_identify(.) by extensions ['colcon_pkg']
[0.496s] Level 1:colcon.colcon_core.package_identification:_identify(.) by extension 'colcon_pkg'
[0.496s] Level 1:colcon.colcon_core.package_identification:_identify(.) by extensions ['colcon_meta']
[0.496s] Level 1:colcon.colcon_core.package_identification:_identify(.) by extension 'colcon_meta'
[0.496s] Level 1:colcon.colcon_core.package_identification:_identify(.) by extensions ['ros']
[0.496s] Level 1:colcon.colcon_core.package_identification:_identify(.) by extension 'ros'
[0.549s] Level 1:colcon.colcon_core.package_identification:_identify(.) by extensions ['cmake', 'python']
[0.549s] Level 1:colcon.colcon_core.package_identification:_identify(.) by extension 'cmake'
[0.549s] Level 1:colcon.colcon_core.package_identification:_identify(.) by extension 'python'
[0.549s] Level 1:colcon.colcon_core.package_identification:_identify(.) by extensions ['python_setup_py']
[0.549s] Level 1:colcon.colcon_core.package_identification:_identify(.) by extension 'python_setup_py'
[0.549s] Level 1:colcon.colcon_core.package_identification:_identify(build) by extensions ['ignore', 'ignore_ament_install']
[0.549s] Level 1:colcon.colcon_core.package_identification:_identify(build) by extension 'ignore'
[0.550s] Level 1:colcon.colcon_core.package_identification:_identify(build) ignored
[0.550s] Level 1:colcon.colcon_core.package_identification:_identify(eufs_msgs) by extensions ['ignore', 'ignore_ament_install']
[0.550s] Level 1:colcon.colcon_core.package_identification:_identify(eufs_msgs) by extension 'ignore'
[0.550s] Level 1:colcon.colcon_core.package_identification:_identify(eufs_msgs) by extension 'ignore_ament_install'
[0.550s] Level 1:colcon.colcon_core.package_identification:_identify(eufs_msgs) by extensions ['colcon_pkg']
[0.550s] Level 1:colcon.colcon_core.package_identification:_identify(eufs_msgs) by extension 'colcon_pkg'
[0.550s] Level 1:colcon.colcon_core.package_identification:_identify(eufs_msgs) by extensions ['colcon_meta']
[0.550s] Level 1:colcon.colcon_core.package_identification:_identify(eufs_msgs) by extension 'colcon_meta'
[0.550s] Level 1:colcon.colcon_core.package_identification:_identify(eufs_msgs) by extensions ['ros']
[0.550s] Level 1:colcon.colcon_core.package_identification:_identify(eufs_msgs) by extension 'ros'
[0.555s] DEBUG:colcon.colcon_core.package_identification:Package 'eufs_msgs' with type 'ros.ament_cmake' and name 'eufs_msgs'
[0.556s] Level 1:colcon.colcon_core.package_identification:_identify(eufs_rviz_plugins) by extensions ['ignore', 'ignore_ament_install']
[0.556s] Level 1:colcon.colcon_core.package_identification:_identify(eufs_rviz_plugins) by extension 'ignore'
[0.556s] Level 1:colcon.colcon_core.package_identification:_identify(eufs_rviz_plugins) by extension 'ignore_ament_install'
[0.556s] Level 1:colcon.colcon_core.package_identification:_identify(eufs_rviz_plugins) by extensions ['colcon_pkg']
[0.556s] Level 1:colcon.colcon_core.package_identification:_identify(eufs_rviz_plugins) by extension 'colcon_pkg'
[0.556s] Level 1:colcon.colcon_core.package_identification:_identify(eufs_rviz_plugins) by extensions ['colcon_meta']
[0.556s] Level 1:colcon.colcon_core.package_identification:_identify(eufs_rviz_plugins) by extension 'colcon_meta'
[0.556s] Level 1:colcon.colcon_core.package_identification:_identify(eufs_rviz_plugins) by extensions ['ros']
[0.556s] Level 1:colcon.colcon_core.package_identification:_identify(eufs_rviz_plugins) by extension 'ros'
[0.558s] DEBUG:colcon.colcon_core.package_identification:Package 'eufs_rviz_plugins' with type 'ros.ament_cmake' and name 'eufs_rviz_plugins'
[0.558s] Level 1:colcon.colcon_core.package_identification:_identify(eufs_sim) by extensions ['ignore', 'ignore_ament_install']
[0.559s] Level 1:colcon.colcon_core.package_identification:_identify(eufs_sim) by extension 'ignore'
[0.559s] Level 1:colcon.colcon_core.package_identification:_identify(eufs_sim) by extension 'ignore_ament_install'
[0.559s] Level 1:colcon.colcon_core.package_identification:_identify(eufs_sim) by extensions ['colcon_pkg']
[0.559s] Level 1:colcon.colcon_core.package_identification:_identify(eufs_sim) by extension 'colcon_pkg'
[0.559s] Level 1:colcon.colcon_core.package_identification:_identify(eufs_sim) by extensions ['colcon_meta']
[0.559s] Level 1:colcon.colcon_core.package_identification:_identify(eufs_sim) by extension 'colcon_meta'
[0.559s] Level 1:colcon.colcon_core.package_identification:_identify(eufs_sim) by extensions ['ros']
[0.559s] Level 1:colcon.colcon_core.package_identification:_identify(eufs_sim) by extension 'ros'
[0.559s] Level 1:colcon.colcon_core.package_identification:_identify(eufs_sim) by extensions ['cmake', 'python']
[0.559s] Level 1:colcon.colcon_core.package_identification:_identify(eufs_sim) by extension 'cmake'
[0.559s] Level 1:colcon.colcon_core.package_identification:_identify(eufs_sim) by extension 'python'
[0.559s] Level 1:colcon.colcon_core.package_identification:_identify(eufs_sim) by extensions ['python_setup_py']
[0.559s] Level 1:colcon.colcon_core.package_identification:_identify(eufs_sim) by extension 'python_setup_py'
[0.560s] Level 1:colcon.colcon_core.package_identification:_identify(eufs_sim/control) by extensions ['ignore', 'ignore_ament_install']
[0.560s] Level 1:colcon.colcon_core.package_identification:_identify(eufs_sim/control) by extension 'ignore'
[0.560s] Level 1:colcon.colcon_core.package_identification:_identify(eufs_sim/control) by extension 'ignore_ament_install'
[0.560s] Level 1:colcon.colcon_core.package_identification:_identify(eufs_sim/control) by extensions ['colcon_pkg']
[0.560s] Level 1:colcon.colcon_core.package_identification:_identify(eufs_sim/control) by extension 'colcon_pkg'
[0.560s] Level 1:colcon.colcon_core.package_identification:_identify(eufs_sim/control) by extensions ['colcon_meta']
[0.560s] Level 1:colcon.colcon_core.package_identification:_identify(eufs_sim/control) by extension 'colcon_meta'
[0.560s] Level 1:colcon.colcon_core.package_identification:_identify(eufs_sim/control) by extensions ['ros']
[0.560s] Level 1:colcon.colcon_core.package_identification:_identify(eufs_sim/control) by extension 'ros'
[0.561s] DEBUG:colcon.colcon_core.package_identification:Package 'eufs_sim/control' with type 'ros.ament_python' and name 'control'
[0.561s] Level 1:colcon.colcon_core.package_identification:_identify(eufs_sim/control_cpp) by extensions ['ignore', 'ignore_ament_install']
[0.562s] Level 1:colcon.colcon_core.package_identification:_identify(eufs_sim/control_cpp) by extension 'ignore'
[0.562s] Level 1:colcon.colcon_core.package_identification:_identify(eufs_sim/control_cpp) by extension 'ignore_ament_install'
[0.562s] Level 1:colcon.colcon_core.package_identification:_identify(eufs_sim/control_cpp) by extensions ['colcon_pkg']
[0.562s] Level 1:colcon.colcon_core.package_identification:_identify(eufs_sim/control_cpp) by extension 'colcon_pkg'
[0.562s] Level 1:colcon.colcon_core.package_identification:_identify(eufs_sim/control_cpp) by extensions ['colcon_meta']
[0.562s] Level 1:colcon.colcon_core.package_identification:_identify(eufs_sim/control_cpp) by extension 'colcon_meta'
[0.562s] Level 1:colcon.colcon_core.package_identification:_identify(eufs_sim/control_cpp) by extensions ['ros']
[0.562s] Level 1:colcon.colcon_core.package_identification:_identify(eufs_sim/control_cpp) by extension 'ros'
[0.563s] DEBUG:colcon.colcon_core.package_identification:Package 'eufs_sim/control_cpp' with type 'ros.ament_cmake' and name 'control_cpp'
[0.563s] Level 1:colcon.colcon_core.package_identification:_identify(eufs_sim/eufs_launcher) by extensions ['ignore', 'ignore_ament_install']
[0.564s] Level 1:colcon.colcon_core.package_identification:_identify(eufs_sim/eufs_launcher) by extension 'ignore'
[0.564s] Level 1:colcon.colcon_core.package_identification:_identify(eufs_sim/eufs_launcher) by extension 'ignore_ament_install'
[0.564s] Level 1:colcon.colcon_core.package_identification:_identify(eufs_sim/eufs_launcher) by extensions ['colcon_pkg']
[0.564s] Level 1:colcon.colcon_core.package_identification:_identify(eufs_sim/eufs_launcher) by extension 'colcon_pkg'
[0.564s] Level 1:colcon.colcon_core.package_identification:_identify(eufs_sim/eufs_launcher) by extensions ['colcon_meta']
[0.564s] Level 1:colcon.colcon_core.package_identification:_identify(eufs_sim/eufs_launcher) by extension 'colcon_meta'
[0.564s] Level 1:colcon.colcon_core.package_identification:_identify(eufs_sim/eufs_launcher) by extensions ['ros']
[0.564s] Level 1:colcon.colcon_core.package_identification:_identify(eufs_sim/eufs_launcher) by extension 'ros'
[0.566s] DEBUG:colcon.colcon_core.package_identification:Package 'eufs_sim/eufs_launcher' with type 'ros.ament_python' and name 'eufs_launcher'
[0.566s] Level 1:colcon.colcon_core.package_identification:_identify(eufs_sim/eufs_models) by extensions ['ignore', 'ignore_ament_install']
[0.566s] Level 1:colcon.colcon_core.package_identification:_identify(eufs_sim/eufs_models) by extension 'ignore'
[0.566s] Level 1:colcon.colcon_core.package_identification:_identify(eufs_sim/eufs_models) by extension 'ignore_ament_install'
[0.566s] Level 1:colcon.colcon_core.package_identification:_identify(eufs_sim/eufs_models) by extensions ['colcon_pkg']
[0.566s] Level 1:colcon.colcon_core.package_identification:_identify(eufs_sim/eufs_models) by extension 'colcon_pkg'
[0.566s] Level 1:colcon.colcon_core.package_identification:_identify(eufs_sim/eufs_models) by extensions ['colcon_meta']
[0.566s] Level 1:colcon.colcon_core.package_identification:_identify(eufs_sim/eufs_models) by extension 'colcon_meta'
[0.566s] Level 1:colcon.colcon_core.package_identification:_identify(eufs_sim/eufs_models) by extensions ['ros']
[0.567s] Level 1:colcon.colcon_core.package_identification:_identify(eufs_sim/eufs_models) by extension 'ros'
[0.567s] DEBUG:colcon.colcon_core.package_identification:Package 'eufs_sim/eufs_models' with type 'ros.ament_cmake' and name 'eufs_models'
[0.568s] Level 1:colcon.colcon_core.package_identification:_identify(eufs_sim/eufs_plugins) by extensions ['ignore', 'ignore_ament_install']
[0.568s] Level 1:colcon.colcon_core.package_identification:_identify(eufs_sim/eufs_plugins) by extension 'ignore'
[0.568s] Level 1:colcon.colcon_core.package_identification:_identify(eufs_sim/eufs_plugins) by extension 'ignore_ament_install'
[0.568s] Level 1:colcon.colcon_core.package_identification:_identify(eufs_sim/eufs_plugins) by extensions ['colcon_pkg']
[0.568s] Level 1:colcon.colcon_core.package_identification:_identify(eufs_sim/eufs_plugins) by extension 'colcon_pkg'
[0.568s] Level 1:colcon.colcon_core.package_identification:_identify(eufs_sim/eufs_plugins) by extensions ['colcon_meta']
[0.568s] Level 1:colcon.colcon_core.package_identification:_identify(eufs_sim/eufs_plugins) by extension 'colcon_meta'
[0.568s] Level 1:colcon.colcon_core.package_identification:_identify(eufs_sim/eufs_plugins) by extensions ['ros']
[0.568s] Level 1:colcon.colcon_core.package_identification:_identify(eufs_sim/eufs_plugins) by extension 'ros'
[0.571s] DEBUG:colcon.colcon_core.package_identification:Package 'eufs_sim/eufs_plugins' with type 'ros.ament_cmake' and name 'eufs_plugins'
[0.571s] Level 1:colcon.colcon_core.package_identification:_identify(eufs_sim/eufs_racecar) by extensions ['ignore', 'ignore_ament_install']
[0.571s] Level 1:colcon.colcon_core.package_identification:_identify(eufs_sim/eufs_racecar) by extension 'ignore'
[0.571s] Level 1:colcon.colcon_core.package_identification:_identify(eufs_sim/eufs_racecar) by extension 'ignore_ament_install'
[0.571s] Level 1:colcon.colcon_core.package_identification:_identify(eufs_sim/eufs_racecar) by extensions ['colcon_pkg']
[0.571s] Level 1:colcon.colcon_core.package_identification:_identify(eufs_sim/eufs_racecar) by extension 'colcon_pkg'
[0.572s] Level 1:colcon.colcon_core.package_identification:_identify(eufs_sim/eufs_racecar) by extensions ['colcon_meta']
[0.572s] Level 1:colcon.colcon_core.package_identification:_identify(eufs_sim/eufs_racecar) by extension 'colcon_meta'
[0.572s] Level 1:colcon.colcon_core.package_identification:_identify(eufs_sim/eufs_racecar) by extensions ['ros']
[0.572s] Level 1:colcon.colcon_core.package_identification:_identify(eufs_sim/eufs_racecar) by extension 'ros'
[0.573s] DEBUG:colcon.colcon_core.package_identification:Package 'eufs_sim/eufs_racecar' with type 'ros.ament_python' and name 'eufs_racecar'
[0.573s] Level 1:colcon.colcon_core.package_identification:_identify(eufs_sim/eufs_rqt) by extensions ['ignore', 'ignore_ament_install']
[0.574s] Level 1:colcon.colcon_core.package_identification:_identify(eufs_sim/eufs_rqt) by extension 'ignore'
[0.574s] Level 1:colcon.colcon_core.package_identification:_identify(eufs_sim/eufs_rqt) by extension 'ignore_ament_install'
[0.574s] Level 1:colcon.colcon_core.package_identification:_identify(eufs_sim/eufs_rqt) by extensions ['colcon_pkg']
[0.574s] Level 1:colcon.colcon_core.package_identification:_identify(eufs_sim/eufs_rqt) by extension 'colcon_pkg'
[0.574s] Level 1:colcon.colcon_core.package_identification:_identify(eufs_sim/eufs_rqt) by extensions ['colcon_meta']
[0.574s] Level 1:colcon.colcon_core.package_identification:_identify(eufs_sim/eufs_rqt) by extension 'colcon_meta'
[0.574s] Level 1:colcon.colcon_core.package_identification:_identify(eufs_sim/eufs_rqt) by extensions ['ros']
[0.574s] Level 1:colcon.colcon_core.package_identification:_identify(eufs_sim/eufs_rqt) by extension 'ros'
[0.576s] DEBUG:colcon.colcon_core.package_identification:Package 'eufs_sim/eufs_rqt' with type 'ros.ament_python' and name 'eufs_rqt'
[0.576s] Level 1:colcon.colcon_core.package_identification:_identify(eufs_sim/eufs_sensors) by extensions ['ignore', 'ignore_ament_install']
[0.576s] Level 1:colcon.colcon_core.package_identification:_identify(eufs_sim/eufs_sensors) by extension 'ignore'
[0.576s] Level 1:colcon.colcon_core.package_identification:_identify(eufs_sim/eufs_sensors) by extension 'ignore_ament_install'
[0.576s] Level 1:colcon.colcon_core.package_identification:_identify(eufs_sim/eufs_sensors) by extensions ['colcon_pkg']
[0.576s] Level 1:colcon.colcon_core.package_identification:_identify(eufs_sim/eufs_sensors) by extension 'colcon_pkg'
[0.576s] Level 1:colcon.colcon_core.package_identification:_identify(eufs_sim/eufs_sensors) by extensions ['colcon_meta']
[0.576s] Level 1:colcon.colcon_core.package_identification:_identify(eufs_sim/eufs_sensors) by extension 'colcon_meta'
[0.576s] Level 1:colcon.colcon_core.package_identification:_identify(eufs_sim/eufs_sensors) by extensions ['ros']
[0.576s] Level 1:colcon.colcon_core.package_identification:_identify(eufs_sim/eufs_sensors) by extension 'ros'
[0.577s] DEBUG:colcon.colcon_core.package_identification:Package 'eufs_sim/eufs_sensors' with type 'ros.ament_cmake' and name 'eufs_sensors'
[0.577s] Level 1:colcon.colcon_core.package_identification:_identify(eufs_sim/eufs_tracks) by extensions ['ignore', 'ignore_ament_install']
[0.577s] Level 1:colcon.colcon_core.package_identification:_identify(eufs_sim/eufs_tracks) by extension 'ignore'
[0.578s] Level 1:colcon.colcon_core.package_identification:_identify(eufs_sim/eufs_tracks) by extension 'ignore_ament_install'
[0.578s] Level 1:colcon.colcon_core.package_identification:_identify(eufs_sim/eufs_tracks) by extensions ['colcon_pkg']
[0.578s] Level 1:colcon.colcon_core.package_identification:_identify(eufs_sim/eufs_tracks) by extension 'colcon_pkg'
[0.578s] Level 1:colcon.colcon_core.package_identification:_identify(eufs_sim/eufs_tracks) by extensions ['colcon_meta']
[0.578s] Level 1:colcon.colcon_core.package_identification:_identify(eufs_sim/eufs_tracks) by extension 'colcon_meta'
[0.578s] Level 1:colcon.colcon_core.package_identification:_identify(eufs_sim/eufs_tracks) by extensions ['ros']
[0.578s] Level 1:colcon.colcon_core.package_identification:_identify(eufs_sim/eufs_tracks) by extension 'ros'
[0.579s] DEBUG:colcon.colcon_core.package_identification:Package 'eufs_sim/eufs_tracks' with type 'ros.ament_python' and name 'eufs_tracks'
[0.579s] Level 1:colcon.colcon_core.package_identification:_identify(eufs_sim/perception) by extensions ['ignore', 'ignore_ament_install']
[0.580s] Level 1:colcon.colcon_core.package_identification:_identify(eufs_sim/perception) by extension 'ignore'
[0.580s] Level 1:colcon.colcon_core.package_identification:_identify(eufs_sim/perception) by extension 'ignore_ament_install'
[0.580s] Level 1:colcon.colcon_core.package_identification:_identify(eufs_sim/perception) by extensions ['colcon_pkg']
[0.580s] Level 1:colcon.colcon_core.package_identification:_identify(eufs_sim/perception) by extension 'colcon_pkg'
[0.580s] Level 1:colcon.colcon_core.package_identification:_identify(eufs_sim/perception) by extensions ['colcon_meta']
[0.580s] Level 1:colcon.colcon_core.package_identification:_identify(eufs_sim/perception) by extension 'colcon_meta'
[0.580s] Level 1:colcon.colcon_core.package_identification:_identify(eufs_sim/perception) by extensions ['ros']
[0.580s] Level 1:colcon.colcon_core.package_identification:_identify(eufs_sim/perception) by extension 'ros'
[0.581s] DEBUG:colcon.colcon_core.package_identification:Package 'eufs_sim/perception' with type 'ros.ament_python' and name 'perception'
[0.581s] Level 1:colcon.colcon_core.package_identification:_identify(install) by extensions ['ignore', 'ignore_ament_install']
[0.581s] Level 1:colcon.colcon_core.package_identification:_identify(install) by extension 'ignore'
[0.581s] Level 1:colcon.colcon_core.package_identification:_identify(install) ignored
[0.581s] Level 1:colcon.colcon_core.package_identification:_identify(log) by extensions ['ignore', 'ignore_ament_install']
[0.581s] Level 1:colcon.colcon_core.package_identification:_identify(log) by extension 'ignore'
[0.581s] Level 1:colcon.colcon_core.package_identification:_identify(log) ignored
[0.582s] Level 1:colcon.colcon_core.package_identification:_identify(ros_can) by extensions ['ignore', 'ignore_ament_install']
[0.582s] Level 1:colcon.colcon_core.package_identification:_identify(ros_can) by extension 'ignore'
[0.582s] Level 1:colcon.colcon_core.package_identification:_identify(ros_can) by extension 'ignore_ament_install'
[0.582s] Level 1:colcon.colcon_core.package_identification:_identify(ros_can) by extensions ['colcon_pkg']
[0.582s] Level 1:colcon.colcon_core.package_identification:_identify(ros_can) by extension 'colcon_pkg'
[0.582s] Level 1:colcon.colcon_core.package_identification:_identify(ros_can) by extensions ['colcon_meta']
[0.582s] Level 1:colcon.colcon_core.package_identification:_identify(ros_can) by extension 'colcon_meta'
[0.582s] Level 1:colcon.colcon_core.package_identification:_identify(ros_can) by extensions ['ros']
[0.582s] Level 1:colcon.colcon_core.package_identification:_identify(ros_can) by extension 'ros'
[0.584s] DEBUG:colcon.colcon_core.package_identification:Package 'ros_can' with type 'ros.ament_cmake' and name 'ros_can'
[0.584s] Level 1:colcon.colcon_core.package_discovery:discover_packages(recursive) using defaults
[0.584s] Level 1:colcon.colcon_core.package_discovery:discover_packages(ignore) discover
[0.584s] Level 1:colcon.colcon_core.package_discovery:discover_packages(ignore) using defaults
[0.584s] Level 1:colcon.colcon_core.package_discovery:discover_packages(path) discover
[0.584s] Level 1:colcon.colcon_core.package_discovery:discover_packages(path) using defaults
[0.623s] Level 1:colcon.colcon_core.package_discovery:discover_packages(prefix_path) check parameters
[0.623s] Level 1:colcon.colcon_core.package_discovery:discover_packages(prefix_path) discover
[0.625s] Level 1:colcon.colcon_core.package_discovery:discover_packages(prefix_path) using defaults
[0.627s] Level 5:colcon.colcon_core.verb:set package 'control' build argument 'cmake_args' from command line to 'None'
[0.627s] Level 5:colcon.colcon_core.verb:set package 'control' build argument 'cmake_target' from command line to 'None'
[0.627s] Level 5:colcon.colcon_core.verb:set package 'control' build argument 'cmake_target_skip_unavailable' from command line to 'False'
[0.627s] Level 5:colcon.colcon_core.verb:set package 'control' build argument 'cmake_clean_cache' from command line to 'False'
[0.627s] Level 5:colcon.colcon_core.verb:set package 'control' build argument 'cmake_clean_first' from command line to 'False'
[0.627s] Level 5:colcon.colcon_core.verb:set package 'control' build argument 'cmake_force_configure' from command line to 'False'
[0.627s] Level 5:colcon.colcon_core.verb:set package 'control' build argument 'ament_cmake_args' from command line to 'None'
[0.627s] Level 5:colcon.colcon_core.verb:set package 'control' build argument 'catkin_cmake_args' from command line to 'None'
[0.627s] Level 5:colcon.colcon_core.verb:set package 'control' build argument 'catkin_skip_building_tests' from command line to 'False'
[0.627s] DEBUG:colcon.colcon_core.verb:Building package 'control' with the following arguments: {'ament_cmake_args': None, 'build_base': '/home/alan/Documents/bristol_fsai_sim-docker/build/control', 'catkin_cmake_args': None, 'catkin_skip_building_tests': False, 'cmake_args': None, 'cmake_clean_cache': False, 'cmake_clean_first': False, 'cmake_force_configure': False, 'cmake_target': None, 'cmake_target_skip_unavailable': False, 'install_base': '/home/alan/Documents/bristol_fsai_sim-docker/install/control', 'merge_install': False, 'path': '/home/alan/Documents/bristol_fsai_sim-docker/eufs_sim/control', 'symlink_install': True, 'test_result_base': None}
[0.628s] Level 5:colcon.colcon_core.verb:set package 'eufs_msgs' build argument 'cmake_args' from command line to 'None'
[0.628s] Level 5:colcon.colcon_core.verb:set package 'eufs_msgs' build argument 'cmake_target' from command line to 'None'
[0.628s] Level 5:colcon.colcon_core.verb:set package 'eufs_msgs' build argument 'cmake_target_skip_unavailable' from command line to 'False'
[0.628s] Level 5:colcon.colcon_core.verb:set package 'eufs_msgs' build argument 'cmake_clean_cache' from command line to 'False'
[0.628s] Level 5:colcon.colcon_core.verb:set package 'eufs_msgs' build argument 'cmake_clean_first' from command line to 'False'
[0.628s] Level 5:colcon.colcon_core.verb:set package 'eufs_msgs' build argument 'cmake_force_configure' from command line to 'False'
[0.628s] Level 5:colcon.colcon_core.verb:set package 'eufs_msgs' build argument 'ament_cmake_args' from command line to 'None'
[0.628s] Level 5:colcon.colcon_core.verb:set package 'eufs_msgs' build argument 'catkin_cmake_args' from command line to 'None'
[0.628s] Level 5:colcon.colcon_core.verb:set package 'eufs_msgs' build argument 'catkin_skip_building_tests' from command line to 'False'
[0.628s] DEBUG:colcon.colcon_core.verb:Building package 'eufs_msgs' with the following arguments: {'ament_cmake_args': None, 'build_base': '/home/alan/Documents/bristol_fsai_sim-docker/build/eufs_msgs', 'catkin_cmake_args': None, 'catkin_skip_building_tests': False, 'cmake_args': None, 'cmake_clean_cache': False, 'cmake_clean_first': False, 'cmake_force_configure': False, 'cmake_target': None, 'cmake_target_skip_unavailable': False, 'install_base': '/home/alan/Documents/bristol_fsai_sim-docker/install/eufs_msgs', 'merge_install': False, 'path': '/home/alan/Documents/bristol_fsai_sim-docker/eufs_msgs', 'symlink_install': True, 'test_result_base': None}
[0.629s] Level 5:colcon.colcon_core.verb:set package 'eufs_racecar' build argument 'cmake_args' from command line to 'None'
[0.629s] Level 5:colcon.colcon_core.verb:set package 'eufs_racecar' build argument 'cmake_target' from command line to 'None'
[0.629s] Level 5:colcon.colcon_core.verb:set package 'eufs_racecar' build argument 'cmake_target_skip_unavailable' from command line to 'False'
[0.629s] Level 5:colcon.colcon_core.verb:set package 'eufs_racecar' build argument 'cmake_clean_cache' from command line to 'False'
[0.629s] Level 5:colcon.colcon_core.verb:set package 'eufs_racecar' build argument 'cmake_clean_first' from command line to 'False'
[0.629s] Level 5:colcon.colcon_core.verb:set package 'eufs_racecar' build argument 'cmake_force_configure' from command line to 'False'
[0.629s] Level 5:colcon.colcon_core.verb:set package 'eufs_racecar' build argument 'ament_cmake_args' from command line to 'None'
[0.629s] Level 5:colcon.colcon_core.verb:set package 'eufs_racecar' build argument 'catkin_cmake_args' from command line to 'None'
[0.629s] Level 5:colcon.colcon_core.verb:set package 'eufs_racecar' build argument 'catkin_skip_building_tests' from command line to 'False'
[0.629s] DEBUG:colcon.colcon_core.verb:Building package 'eufs_racecar' with the following arguments: {'ament_cmake_args': None, 'build_base': '/home/alan/Documents/bristol_fsai_sim-docker/build/eufs_racecar', 'catkin_cmake_args': None, 'catkin_skip_building_tests': False, 'cmake_args': None, 'cmake_clean_cache': False, 'cmake_clean_first': False, 'cmake_force_configure': False, 'cmake_target': None, 'cmake_target_skip_unavailable': False, 'install_base': '/home/alan/Documents/bristol_fsai_sim-docker/install/eufs_racecar', 'merge_install': False, 'path': '/home/alan/Documents/bristol_fsai_sim-docker/eufs_sim/eufs_racecar', 'symlink_install': True, 'test_result_base': None}
[0.629s] Level 5:colcon.colcon_core.verb:set package 'eufs_sensors' build argument 'cmake_args' from command line to 'None'
[0.629s] Level 5:colcon.colcon_core.verb:set package 'eufs_sensors' build argument 'cmake_target' from command line to 'None'
[0.629s] Level 5:colcon.colcon_core.verb:set package 'eufs_sensors' build argument 'cmake_target_skip_unavailable' from command line to 'False'
[0.629s] Level 5:colcon.colcon_core.verb:set package 'eufs_sensors' build argument 'cmake_clean_cache' from command line to 'False'
[0.630s] Level 5:colcon.colcon_core.verb:set package 'eufs_sensors' build argument 'cmake_clean_first' from command line to 'False'
[0.630s] Level 5:colcon.colcon_core.verb:set package 'eufs_sensors' build argument 'cmake_force_configure' from command line to 'False'
[0.630s] Level 5:colcon.colcon_core.verb:set package 'eufs_sensors' build argument 'ament_cmake_args' from command line to 'None'
[0.630s] Level 5:colcon.colcon_core.verb:set package 'eufs_sensors' build argument 'catkin_cmake_args' from command line to 'None'
[0.630s] Level 5:colcon.colcon_core.verb:set package 'eufs_sensors' build argument 'catkin_skip_building_tests' from command line to 'False'
[0.630s] DEBUG:colcon.colcon_core.verb:Building package 'eufs_sensors' with the following arguments: {'ament_cmake_args': None, 'build_base': '/home/alan/Documents/bristol_fsai_sim-docker/build/eufs_sensors', 'catkin_cmake_args': None, 'catkin_skip_building_tests': False, 'cmake_args': None, 'cmake_clean_cache': False, 'cmake_clean_first': False, 'cmake_force_configure': False, 'cmake_target': None, 'cmake_target_skip_unavailable': False, 'install_base': '/home/alan/Documents/bristol_fsai_sim-docker/install/eufs_sensors', 'merge_install': False, 'path': '/home/alan/Documents/bristol_fsai_sim-docker/eufs_sim/eufs_sensors', 'symlink_install': True, 'test_result_base': None}
[0.630s] Level 5:colcon.colcon_core.verb:set package 'eufs_tracks' build argument 'cmake_args' from command line to 'None'
[0.630s] Level 5:colcon.colcon_core.verb:set package 'eufs_tracks' build argument 'cmake_target' from command line to 'None'
[0.630s] Level 5:colcon.colcon_core.verb:set package 'eufs_tracks' build argument 'cmake_target_skip_unavailable' from command line to 'False'
[0.630s] Level 5:colcon.colcon_core.verb:set package 'eufs_tracks' build argument 'cmake_clean_cache' from command line to 'False'
[0.630s] Level 5:colcon.colcon_core.verb:set package 'eufs_tracks' build argument 'cmake_clean_first' from command line to 'False'
[0.630s] Level 5:colcon.colcon_core.verb:set package 'eufs_tracks' build argument 'cmake_force_configure' from command line to 'False'
[0.630s] Level 5:colcon.colcon_core.verb:set package 'eufs_tracks' build argument 'ament_cmake_args' from command line to 'None'
[0.630s] Level 5:colcon.colcon_core.verb:set package 'eufs_tracks' build argument 'catkin_cmake_args' from command line to 'None'
[0.630s] Level 5:colcon.colcon_core.verb:set package 'eufs_tracks' build argument 'catkin_skip_building_tests' from command line to 'False'
[0.630s] DEBUG:colcon.colcon_core.verb:Building package 'eufs_tracks' with the following arguments: {'ament_cmake_args': None, 'build_base': '/home/alan/Documents/bristol_fsai_sim-docker/build/eufs_tracks', 'catkin_cmake_args': None, 'catkin_skip_building_tests': False, 'cmake_args': None, 'cmake_clean_cache': False, 'cmake_clean_first': False, 'cmake_force_configure': False, 'cmake_target': None, 'cmake_target_skip_unavailable': False, 'install_base': '/home/alan/Documents/bristol_fsai_sim-docker/install/eufs_tracks', 'merge_install': False, 'path': '/home/alan/Documents/bristol_fsai_sim-docker/eufs_sim/eufs_tracks', 'symlink_install': True, 'test_result_base': None}
[0.631s] Level 5:colcon.colcon_core.verb:set package 'perception' build argument 'cmake_args' from command line to 'None'
[0.631s] Level 5:colcon.colcon_core.verb:set package 'perception' build argument 'cmake_target' from command line to 'None'
[0.631s] Level 5:colcon.colcon_core.verb:set package 'perception' build argument 'cmake_target_skip_unavailable' from command line to 'False'
[0.631s] Level 5:colcon.colcon_core.verb:set package 'perception' build argument 'cmake_clean_cache' from command line to 'False'
[0.631s] Level 5:colcon.colcon_core.verb:set package 'perception' build argument 'cmake_clean_first' from command line to 'False'
[0.631s] Level 5:colcon.colcon_core.verb:set package 'perception' build argument 'cmake_force_configure' from command line to 'False'
[0.631s] Level 5:colcon.colcon_core.verb:set package 'perception' build argument 'ament_cmake_args' from command line to 'None'
[0.631s] Level 5:colcon.colcon_core.verb:set package 'perception' build argument 'catkin_cmake_args' from command line to 'None'
[0.631s] Level 5:colcon.colcon_core.verb:set package 'perception' build argument 'catkin_skip_building_tests' from command line to 'False'
[0.631s] DEBUG:colcon.colcon_core.verb:Building package 'perception' with the following arguments: {'ament_cmake_args': None, 'build_base': '/home/alan/Documents/bristol_fsai_sim-docker/build/perception', 'catkin_cmake_args': None, 'catkin_skip_building_tests': False, 'cmake_args': None, 'cmake_clean_cache': False, 'cmake_clean_first': False, 'cmake_force_configure': False, 'cmake_target': None, 'cmake_target_skip_unavailable': False, 'install_base': '/home/alan/Documents/bristol_fsai_sim-docker/install/perception', 'merge_install': False, 'path': '/home/alan/Documents/bristol_fsai_sim-docker/eufs_sim/perception', 'symlink_install': True, 'test_result_base': None}
[0.632s] Level 5:colcon.colcon_core.verb:set package 'control_cpp' build argument 'cmake_args' from command line to 'None'
[0.632s] Level 5:colcon.colcon_core.verb:set package 'control_cpp' build argument 'cmake_target' from command line to 'None'
[0.632s] Level 5:colcon.colcon_core.verb:set package 'control_cpp' build argument 'cmake_target_skip_unavailable' from command line to 'False'
[0.632s] Level 5:colcon.colcon_core.verb:set package 'control_cpp' build argument 'cmake_clean_cache' from command line to 'False'
[0.632s] Level 5:colcon.colcon_core.verb:set package 'control_cpp' build argument 'cmake_clean_first' from command line to 'False'
[0.632s] Level 5:colcon.colcon_core.verb:set package 'control_cpp' build argument 'cmake_force_configure' from command line to 'False'
[0.632s] Level 5:colcon.colcon_core.verb:set package 'control_cpp' build argument 'ament_cmake_args' from command line to 'None'
[0.632s] Level 5:colcon.colcon_core.verb:set package 'control_cpp' build argument 'catkin_cmake_args' from command line to 'None'
[0.632s] Level 5:colcon.colcon_core.verb:set package 'control_cpp' build argument 'catkin_skip_building_tests' from command line to 'False'
[0.632s] DEBUG:colcon.colcon_core.verb:Building package 'control_cpp' with the following arguments: {'ament_cmake_args': None, 'build_base': '/home/alan/Documents/bristol_fsai_sim-docker/build/control_cpp', 'catkin_cmake_args': None, 'catkin_skip_building_tests': False, 'cmake_args': None, 'cmake_clean_cache': False, 'cmake_clean_first': False, 'cmake_force_configure': False, 'cmake_target': None, 'cmake_target_skip_unavailable': False, 'install_base': '/home/alan/Documents/bristol_fsai_sim-docker/install/control_cpp', 'merge_install': False, 'path': '/home/alan/Documents/bristol_fsai_sim-docker/eufs_sim/control_cpp', 'symlink_install': True, 'test_result_base': None}
[0.632s] Level 5:colcon.colcon_core.verb:set package 'eufs_launcher' build argument 'cmake_args' from command line to 'None'
[0.632s] Level 5:colcon.colcon_core.verb:set package 'eufs_launcher' build argument 'cmake_target' from command line to 'None'
[0.632s] Level 5:colcon.colcon_core.verb:set package 'eufs_launcher' build argument 'cmake_target_skip_unavailable' from command line to 'False'
[0.632s] Level 5:colcon.colcon_core.verb:set package 'eufs_launcher' build argument 'cmake_clean_cache' from command line to 'False'
[0.632s] Level 5:colcon.colcon_core.verb:set package 'eufs_launcher' build argument 'cmake_clean_first' from command line to 'False'
[0.632s] Level 5:colcon.colcon_core.verb:set package 'eufs_launcher' build argument 'cmake_force_configure' from command line to 'False'
[0.632s] Level 5:colcon.colcon_core.verb:set package 'eufs_launcher' build argument 'ament_cmake_args' from command line to 'None'
[0.633s] Level 5:colcon.colcon_core.verb:set package 'eufs_launcher' build argument 'catkin_cmake_args' from command line to 'None'
[0.633s] Level 5:colcon.colcon_core.verb:set package 'eufs_launcher' build argument 'catkin_skip_building_tests' from command line to 'False'
[0.633s] DEBUG:colcon.colcon_core.verb:Building package 'eufs_launcher' with the following arguments: {'ament_cmake_args': None, 'build_base': '/home/alan/Documents/bristol_fsai_sim-docker/build/eufs_launcher', 'catkin_cmake_args': None, 'catkin_skip_building_tests': False, 'cmake_args': None, 'cmake_clean_cache': False, 'cmake_clean_first': False, 'cmake_force_configure': False, 'cmake_target': None, 'cmake_target_skip_unavailable': False, 'install_base': '/home/alan/Documents/bristol_fsai_sim-docker/install/eufs_launcher', 'merge_install': False, 'path': '/home/alan/Documents/bristol_fsai_sim-docker/eufs_sim/eufs_launcher', 'symlink_install': True, 'test_result_base': None}
[0.633s] Level 5:colcon.colcon_core.verb:set package 'eufs_models' build argument 'cmake_args' from command line to 'None'
[0.633s] Level 5:colcon.colcon_core.verb:set package 'eufs_models' build argument 'cmake_target' from command line to 'None'
[0.633s] Level 5:colcon.colcon_core.verb:set package 'eufs_models' build argument 'cmake_target_skip_unavailable' from command line to 'False'
[0.633s] Level 5:colcon.colcon_core.verb:set package 'eufs_models' build argument 'cmake_clean_cache' from command line to 'False'
[0.633s] Level 5:colcon.colcon_core.verb:set package 'eufs_models' build argument 'cmake_clean_first' from command line to 'False'
[0.633s] Level 5:colcon.colcon_core.verb:set package 'eufs_models' build argument 'cmake_force_configure' from command line to 'False'
[0.633s] Level 5:colcon.colcon_core.verb:set package 'eufs_models' build argument 'ament_cmake_args' from command line to 'None'
[0.633s] Level 5:colcon.colcon_core.verb:set package 'eufs_models' build argument 'catkin_cmake_args' from command line to 'None'
[0.633s] Level 5:colcon.colcon_core.verb:set package 'eufs_models' build argument 'catkin_skip_building_tests' from command line to 'False'
[0.633s] DEBUG:colcon.colcon_core.verb:Building package 'eufs_models' with the following arguments: {'ament_cmake_args': None, 'build_base': '/home/alan/Documents/bristol_fsai_sim-docker/build/eufs_models', 'catkin_cmake_args': None, 'catkin_skip_building_tests': False, 'cmake_args': None, 'cmake_clean_cache': False, 'cmake_clean_first': False, 'cmake_force_configure': False, 'cmake_target': None, 'cmake_target_skip_unavailable': False, 'install_base': '/home/alan/Documents/bristol_fsai_sim-docker/install/eufs_models', 'merge_install': False, 'path': '/home/alan/Documents/bristol_fsai_sim-docker/eufs_sim/eufs_models', 'symlink_install': True, 'test_result_base': None}
[0.634s] Level 5:colcon.colcon_core.verb:set package 'eufs_rqt' build argument 'cmake_args' from command line to 'None'
[0.634s] Level 5:colcon.colcon_core.verb:set package 'eufs_rqt' build argument 'cmake_target' from command line to 'None'
[0.634s] Level 5:colcon.colcon_core.verb:set package 'eufs_rqt' build argument 'cmake_target_skip_unavailable' from command line to 'False'
[0.634s] Level 5:colcon.colcon_core.verb:set package 'eufs_rqt' build argument 'cmake_clean_cache' from command line to 'False'
[0.634s] Level 5:colcon.colcon_core.verb:set package 'eufs_rqt' build argument 'cmake_clean_first' from command line to 'False'
[0.634s] Level 5:colcon.colcon_core.verb:set package 'eufs_rqt' build argument 'cmake_force_configure' from command line to 'False'
[0.634s] Level 5:colcon.colcon_core.verb:set package 'eufs_rqt' build argument 'ament_cmake_args' from command line to 'None'
[0.634s] Level 5:colcon.colcon_core.verb:set package 'eufs_rqt' build argument 'catkin_cmake_args' from command line to 'None'
[0.634s] Level 5:colcon.colcon_core.verb:set package 'eufs_rqt' build argument 'catkin_skip_building_tests' from command line to 'False'
[0.634s] DEBUG:colcon.colcon_core.verb:Building package 'eufs_rqt' with the following arguments: {'ament_cmake_args': None, 'build_base': '/home/alan/Documents/bristol_fsai_sim-docker/build/eufs_rqt', 'catkin_cmake_args': None, 'catkin_skip_building_tests': False, 'cmake_args': None, 'cmake_clean_cache': False, 'cmake_clean_first': False, 'cmake_force_configure': False, 'cmake_target': None, 'cmake_target_skip_unavailable': False, 'install_base': '/home/alan/Documents/bristol_fsai_sim-docker/install/eufs_rqt', 'merge_install': False, 'path': '/home/alan/Documents/bristol_fsai_sim-docker/eufs_sim/eufs_rqt', 'symlink_install': True, 'test_result_base': None}
[0.634s] Level 5:colcon.colcon_core.verb:set package 'eufs_rviz_plugins' build argument 'cmake_args' from command line to 'None'
[0.634s] Level 5:colcon.colcon_core.verb:set package 'eufs_rviz_plugins' build argument 'cmake_target' from command line to 'None'
[0.634s] Level 5:colcon.colcon_core.verb:set package 'eufs_rviz_plugins' build argument 'cmake_target_skip_unavailable' from command line to 'False'
[0.634s] Level 5:colcon.colcon_core.verb:set package 'eufs_rviz_plugins' build argument 'cmake_clean_cache' from command line to 'False'
[0.635s] Level 5:colcon.colcon_core.verb:set package 'eufs_rviz_plugins' build argument 'cmake_clean_first' from command line to 'False'
[0.635s] Level 5:colcon.colcon_core.verb:set package 'eufs_rviz_plugins' build argument 'cmake_force_configure' from command line to 'False'
[0.635s] Level 5:colcon.colcon_core.verb:set package 'eufs_rviz_plugins' build argument 'ament_cmake_args' from command line to 'None'
[0.635s] Level 5:colcon.colcon_core.verb:set package 'eufs_rviz_plugins' build argument 'catkin_cmake_args' from command line to 'None'
[0.635s] Level 5:colcon.colcon_core.verb:set package 'eufs_rviz_plugins' build argument 'catkin_skip_building_tests' from command line to 'False'
[0.635s] DEBUG:colcon.colcon_core.verb:Building package 'eufs_rviz_plugins' with the following arguments: {'ament_cmake_args': None, 'build_base': '/home/alan/Documents/bristol_fsai_sim-docker/build/eufs_rviz_plugins', 'catkin_cmake_args': None, 'catkin_skip_building_tests': False, 'cmake_args': None, 'cmake_clean_cache': False, 'cmake_clean_first': False, 'cmake_force_configure': False, 'cmake_target': None, 'cmake_target_skip_unavailable': False, 'install_base': '/home/alan/Documents/bristol_fsai_sim-docker/install/eufs_rviz_plugins', 'merge_install': False, 'path': '/home/alan/Documents/bristol_fsai_sim-docker/eufs_rviz_plugins', 'symlink_install': True, 'test_result_base': None}
[0.635s] Level 5:colcon.colcon_core.verb:set package 'ros_can' build argument 'cmake_args' from command line to 'None'
[0.635s] Level 5:colcon.colcon_core.verb:set package 'ros_can' build argument 'cmake_target' from command line to 'None'
[0.635s] Level 5:colcon.colcon_core.verb:set package 'ros_can' build argument 'cmake_target_skip_unavailable' from command line to 'False'
[0.635s] Level 5:colcon.colcon_core.verb:set package 'ros_can' build argument 'cmake_clean_cache' from command line to 'False'
[0.635s] Level 5:colcon.colcon_core.verb:set package 'ros_can' build argument 'cmake_clean_first' from command line to 'False'
[0.635s] Level 5:colcon.colcon_core.verb:set package 'ros_can' build argument 'cmake_force_configure' from command line to 'False'
[0.635s] Level 5:colcon.colcon_core.verb:set package 'ros_can' build argument 'ament_cmake_args' from command line to 'None'
[0.635s] Level 5:colcon.colcon_core.verb:set package 'ros_can' build argument 'catkin_cmake_args' from command line to 'None'
[0.635s] Level 5:colcon.colcon_core.verb:set package 'ros_can' build argument 'catkin_skip_building_tests' from command line to 'False'
[0.635s] DEBUG:colcon.colcon_core.verb:Building package 'ros_can' with the following arguments: {'ament_cmake_args': None, 'build_base': '/home/alan/Documents/bristol_fsai_sim-docker/build/ros_can', 'catkin_cmake_args': None, 'catkin_skip_building_tests': False, 'cmake_args': None, 'cmake_clean_cache': False, 'cmake_clean_first': False, 'cmake_force_configure': False, 'cmake_target': None, 'cmake_target_skip_unavailable': False, 'install_base': '/home/alan/Documents/bristol_fsai_sim-docker/install/ros_can', 'merge_install': False, 'path': '/home/alan/Documents/bristol_fsai_sim-docker/ros_can', 'symlink_install': True, 'test_result_base': None}
[0.636s] Level 5:colcon.colcon_core.verb:set package 'eufs_plugins' build argument 'cmake_args' from command line to 'None'
[0.636s] Level 5:colcon.colcon_core.verb:set package 'eufs_plugins' build argument 'cmake_target' from command line to 'None'
[0.636s] Level 5:colcon.colcon_core.verb:set package 'eufs_plugins' build argument 'cmake_target_skip_unavailable' from command line to 'False'
[0.636s] Level 5:colcon.colcon_core.verb:set package 'eufs_plugins' build argument 'cmake_clean_cache' from command line to 'False'
[0.636s] Level 5:colcon.colcon_core.verb:set package 'eufs_plugins' build argument 'cmake_clean_first' from command line to 'False'
[0.636s] Level 5:colcon.colcon_core.verb:set package 'eufs_plugins' build argument 'cmake_force_configure' from command line to 'False'
[0.636s] Level 5:colcon.colcon_core.verb:set package 'eufs_plugins' build argument 'ament_cmake_args' from command line to 'None'
[0.636s] Level 5:colcon.colcon_core.verb:set package 'eufs_plugins' build argument 'catkin_cmake_args' from command line to 'None'
[0.636s] Level 5:colcon.colcon_core.verb:set package 'eufs_plugins' build argument 'catkin_skip_building_tests' from command line to 'False'
[0.636s] DEBUG:colcon.colcon_core.verb:Building package 'eufs_plugins' with the following arguments: {'ament_cmake_args': None, 'build_base': '/home/alan/Documents/bristol_fsai_sim-docker/build/eufs_plugins', 'catkin_cmake_args': None, 'catkin_skip_building_tests': False, 'cmake_args': None, 'cmake_clean_cache': False, 'cmake_clean_first': False, 'cmake_force_configure': False, 'cmake_target': None, 'cmake_target_skip_unavailable': False, 'install_base': '/home/alan/Documents/bristol_fsai_sim-docker/install/eufs_plugins', 'merge_install': False, 'path': '/home/alan/Documents/bristol_fsai_sim-docker/eufs_sim/eufs_plugins', 'symlink_install': True, 'test_result_base': None}
[0.636s] INFO:colcon.colcon_core.executor:Executing jobs using 'parallel' executor
[0.639s] DEBUG:colcon.colcon_parallel_executor.executor.parallel:run_until_complete
[0.640s] INFO:colcon.colcon_ros.task.ament_cmake.build:Building ROS package in '/home/alan/Documents/bristol_fsai_sim-docker/eufs_msgs' with build type 'ament_cmake'
[0.640s] INFO:colcon.colcon_cmake.task.cmake.build:Building CMake package in '/home/alan/Documents/bristol_fsai_sim-docker/eufs_msgs'
[0.646s] INFO:colcon.colcon_core.plugin_system:Skipping extension 'colcon_core.shell.bat': Not used on non-Windows systems
[0.647s] INFO:colcon.colcon_core.shell:Skip shell extension 'powershell' for command environment: Not usable outside of PowerShell
[0.647s] DEBUG:colcon.colcon_core.shell:Skip shell extension 'dsv' for command environment
[0.649s] INFO:colcon.colcon_ros.task.ament_python.build:Building ROS package in '/home/alan/Documents/bristol_fsai_sim-docker/eufs_sim/eufs_tracks' with build type 'ament_python'
[0.650s] Level 1:colcon.colcon_core.shell:create_environment_hook('eufs_tracks', 'ament_prefix_path')
[0.650s] INFO:colcon.colcon_core.shell:Creating environment hook '/home/alan/Documents/bristol_fsai_sim-docker/install/eufs_tracks/share/eufs_tracks/hook/ament_prefix_path.ps1'
[0.652s] INFO:colcon.colcon_core.shell:Creating environment descriptor '/home/alan/Documents/bristol_fsai_sim-docker/install/eufs_tracks/share/eufs_tracks/hook/ament_prefix_path.dsv'
[0.652s] INFO:colcon.colcon_core.shell:Creating environment hook '/home/alan/Documents/bristol_fsai_sim-docker/install/eufs_tracks/share/eufs_tracks/hook/ament_prefix_path.sh'
[0.654s] INFO:colcon.colcon_core.shell:Skip shell extension 'powershell' for command environment: Not usable outside of PowerShell
[0.654s] DEBUG:colcon.colcon_core.shell:Skip shell extension 'dsv' for command environment
[0.655s] INFO:colcon.colcon_ros.task.ament_python.build:Building ROS package in '/home/alan/Documents/bristol_fsai_sim-docker/eufs_sim/control' with build type 'ament_python'
[0.656s] Level 1:colcon.colcon_core.shell:create_environment_hook('control', 'ament_prefix_path')
[0.656s] INFO:colcon.colcon_core.shell:Creating environment hook '/home/alan/Documents/bristol_fsai_sim-docker/install/control/share/control/hook/ament_prefix_path.ps1'
[0.657s] INFO:colcon.colcon_core.shell:Creating environment descriptor '/home/alan/Documents/bristol_fsai_sim-docker/install/control/share/control/hook/ament_prefix_path.dsv'
[0.657s] INFO:colcon.colcon_core.shell:Creating environment hook '/home/alan/Documents/bristol_fsai_sim-docker/install/control/share/control/hook/ament_prefix_path.sh'
[0.658s] INFO:colcon.colcon_core.shell:Skip shell extension 'powershell' for command environment: Not usable outside of PowerShell
[0.658s] DEBUG:colcon.colcon_core.shell:Skip shell extension 'dsv' for command environment
[0.659s] INFO:colcon.colcon_ros.task.ament_python.build:Building ROS package in '/home/alan/Documents/bristol_fsai_sim-docker/eufs_sim/eufs_racecar' with build type 'ament_python'
[0.659s] Level 1:colcon.colcon_core.shell:create_environment_hook('eufs_racecar', 'ament_prefix_path')
[0.660s] INFO:colcon.colcon_core.shell:Creating environment hook '/home/alan/Documents/bristol_fsai_sim-docker/install/eufs_racecar/share/eufs_racecar/hook/ament_prefix_path.ps1'
[0.661s] INFO:colcon.colcon_core.shell:Creating environment descriptor '/home/alan/Documents/bristol_fsai_sim-docker/install/eufs_racecar/share/eufs_racecar/hook/ament_prefix_path.dsv'
[0.662s] INFO:colcon.colcon_core.shell:Creating environment hook '/home/alan/Documents/bristol_fsai_sim-docker/install/eufs_racecar/share/eufs_racecar/hook/ament_prefix_path.sh'
[0.663s] INFO:colcon.colcon_core.shell:Skip shell extension 'powershell' for command environment: Not usable outside of PowerShell
[0.663s] DEBUG:colcon.colcon_core.shell:Skip shell extension 'dsv' for command environment
[0.664s] INFO:colcon.colcon_ros.task.ament_cmake.build:Building ROS package in '/home/alan/Documents/bristol_fsai_sim-docker/eufs_sim/eufs_sensors' with build type 'ament_cmake'
[0.664s] INFO:colcon.colcon_cmake.task.cmake.build:Building CMake package in '/home/alan/Documents/bristol_fsai_sim-docker/eufs_sim/eufs_sensors'
[0.665s] INFO:colcon.colcon_core.shell:Skip shell extension 'powershell' for command environment: Not usable outside of PowerShell
[0.665s] DEBUG:colcon.colcon_core.shell:Skip shell extension 'dsv' for command environment
[0.666s] INFO:colcon.colcon_ros.task.ament_python.build:Building ROS package in '/home/alan/Documents/bristol_fsai_sim-docker/eufs_sim/perception' with build type 'ament_python'
[0.667s] Level 1:colcon.colcon_core.shell:create_environment_hook('perception', 'ament_prefix_path')
[0.667s] INFO:colcon.colcon_core.shell:Creating environment hook '/home/alan/Documents/bristol_fsai_sim-docker/install/perception/share/perception/hook/ament_prefix_path.ps1'
[0.668s] INFO:colcon.colcon_core.shell:Creating environment descriptor '/home/alan/Documents/bristol_fsai_sim-docker/install/perception/share/perception/hook/ament_prefix_path.dsv'
[0.668s] INFO:colcon.colcon_core.shell:Creating environment hook '/home/alan/Documents/bristol_fsai_sim-docker/install/perception/share/perception/hook/ament_prefix_path.sh'
[0.669s] INFO:colcon.colcon_core.shell:Skip shell extension 'powershell' for command environment: Not usable outside of PowerShell
[0.669s] DEBUG:colcon.colcon_core.shell:Skip shell extension 'dsv' for command environment
[0.675s] DEBUG:colcon.colcon_core.event_handler.log_command:Invoking command in '/home/alan/Documents/bristol_fsai_sim-docker/build/eufs_msgs': DEBUGINFOD_URLS=https://debuginfod.ubuntu.com /usr/bin/cmake /home/alan/Documents/bristol_fsai_sim-docker/eufs_msgs -DAMENT_CMAKE_SYMLINK_INSTALL=1 -DCMAKE_INSTALL_PREFIX=/home/alan/Documents/bristol_fsai_sim-docker/install/eufs_msgs
[1.088s] INFO:colcon.colcon_core.task.python.build:Building Python package in '/home/alan/Documents/bristol_fsai_sim-docker/eufs_sim/eufs_tracks'
[1.088s] INFO:colcon.colcon_core.shell:Skip shell extension 'powershell' for command environment: Not usable outside of PowerShell
[1.088s] DEBUG:colcon.colcon_core.shell:Skip shell extension 'dsv' for command environment
[1.489s] INFO:colcon.colcon_core.task.python.build:Building Python package in '/home/alan/Documents/bristol_fsai_sim-docker/eufs_sim/control'
[1.490s] INFO:colcon.colcon_core.shell:Skip shell extension 'powershell' for command environment: Not usable outside of PowerShell
[1.490s] DEBUG:colcon.colcon_core.shell:Skip shell extension 'dsv' for command environment
[1.875s] INFO:colcon.colcon_core.task.python.build:Building Python package in '/home/alan/Documents/bristol_fsai_sim-docker/eufs_sim/eufs_racecar'
[1.876s] INFO:colcon.colcon_core.shell:Skip shell extension 'powershell' for command environment: Not usable outside of PowerShell
[1.876s] DEBUG:colcon.colcon_core.shell:Skip shell extension 'dsv' for command environment
[1.882s] DEBUG:colcon.colcon_core.event_handler.log_command:Invoking command in '/home/alan/Documents/bristol_fsai_sim-docker/build/eufs_sensors': DEBUGINFOD_URLS=https://debuginfod.ubuntu.com /usr/bin/cmake /home/alan/Documents/bristol_fsai_sim-docker/eufs_sim/eufs_sensors -DAMENT_CMAKE_SYMLINK_INSTALL=1 -DCMAKE_INSTALL_PREFIX=/home/alan/Documents/bristol_fsai_sim-docker/install/eufs_sensors
[2.296s] INFO:colcon.colcon_core.task.python.build:Building Python package in '/home/alan/Documents/bristol_fsai_sim-docker/eufs_sim/perception'
[2.296s] INFO:colcon.colcon_core.shell:Skip shell extension 'powershell' for command environment: Not usable outside of PowerShell
[2.296s] DEBUG:colcon.colcon_core.shell:Skip shell extension 'dsv' for command environment
[2.310s] DEBUG:colcon.colcon_core.event_handler.log_command:Invoked command in '/home/alan/Documents/bristol_fsai_sim-docker/build/eufs_msgs' returned '1': DEBUGINFOD_URLS=https://debuginfod.ubuntu.com /usr/bin/cmake /home/alan/Documents/bristol_fsai_sim-docker/eufs_msgs -DAMENT_CMAKE_SYMLINK_INSTALL=1 -DCMAKE_INSTALL_PREFIX=/home/alan/Documents/bristol_fsai_sim-docker/install/eufs_msgs
[2.334s] Level 1:colcon.colcon_core.environment:create_environment_scripts_only(eufs_msgs)
[2.343s] Level 1:colcon.colcon_core.environment:checking '/home/alan/Documents/bristol_fsai_sim-docker/install/eufs_msgs' for CMake module files
[2.344s] Level 1:colcon.colcon_core.environment:checking '/home/alan/Documents/bristol_fsai_sim-docker/install/eufs_msgs' for CMake config files
[2.345s] Level 1:colcon.colcon_core.environment:checking '/home/alan/Documents/bristol_fsai_sim-docker/install/eufs_msgs/bin'
[2.346s] Level 1:colcon.colcon_core.environment:checking '/home/alan/Documents/bristol_fsai_sim-docker/install/eufs_msgs/lib/pkgconfig/eufs_msgs.pc'
[2.346s] Level 1:colcon.colcon_core.environment:checking '/home/alan/Documents/bristol_fsai_sim-docker/install/eufs_msgs/lib/python3.12/site-packages'
[2.347s] Level 1:colcon.colcon_core.environment:checking '/home/alan/Documents/bristol_fsai_sim-docker/install/eufs_msgs/bin'
[2.347s] INFO:colcon.colcon_core.shell:Creating package script '/home/alan/Documents/bristol_fsai_sim-docker/install/eufs_msgs/share/eufs_msgs/package.ps1'
[2.351s] INFO:colcon.colcon_core.shell:Creating package descriptor '/home/alan/Documents/bristol_fsai_sim-docker/install/eufs_msgs/share/eufs_msgs/package.dsv'
[2.353s] INFO:colcon.colcon_core.shell:Creating package script '/home/alan/Documents/bristol_fsai_sim-docker/install/eufs_msgs/share/eufs_msgs/package.sh'
[2.355s] INFO:colcon.colcon_core.shell:Creating package script '/home/alan/Documents/bristol_fsai_sim-docker/install/eufs_msgs/share/eufs_msgs/package.bash'
[2.357s] INFO:colcon.colcon_core.shell:Creating package script '/home/alan/Documents/bristol_fsai_sim-docker/install/eufs_msgs/share/eufs_msgs/package.zsh'
[2.359s] Level 1:colcon.colcon_core.environment:create_file_with_runtime_dependencies(/home/alan/Documents/bristol_fsai_sim-docker/install/eufs_msgs/share/colcon-core/packages/eufs_msgs)
[3.247s] DEBUG:colcon.colcon_parallel_executor.executor.parallel:closing loop
[3.247s] DEBUG:colcon.colcon_parallel_executor.executor.parallel:loop closed
[3.247s] DEBUG:colcon.colcon_parallel_executor.executor.parallel:run_until_complete finished with '1'
[3.247s] DEBUG:colcon.colcon_core.event_reactor:joining thread
[3.261s] INFO:colcon.colcon_core.plugin_system:Skipping extension 'colcon_notification.desktop_notification.terminal_notifier': Not used on non-Darwin systems
[3.261s] INFO:colcon.colcon_core.plugin_system:Skipping extension 'colcon_notification.desktop_notification.win32': Not used on non-Windows systems
[3.262s] INFO:colcon.colcon_notification.desktop_notification:Sending desktop notification using 'notify2'
[3.313s] DEBUG:colcon.colcon_core.event_reactor:joined thread
[3.313s] INFO:colcon.colcon_core.shell:Creating prefix script '/home/alan/Documents/bristol_fsai_sim-docker/install/local_setup.ps1'
[3.315s] INFO:colcon.colcon_core.shell:Creating prefix util module '/home/alan/Documents/bristol_fsai_sim-docker/install/_local_setup_util_ps1.py'
[3.318s] INFO:colcon.colcon_core.shell:Creating prefix chain script '/home/alan/Documents/bristol_fsai_sim-docker/install/setup.ps1'
[3.319s] INFO:colcon.colcon_core.shell:Creating prefix script '/home/alan/Documents/bristol_fsai_sim-docker/install/local_setup.sh'
[3.320s] INFO:colcon.colcon_core.shell:Creating prefix util module '/home/alan/Documents/bristol_fsai_sim-docker/install/_local_setup_util_sh.py'
[3.321s] INFO:colcon.colcon_core.shell:Creating prefix chain script '/home/alan/Documents/bristol_fsai_sim-docker/install/setup.sh'
[3.323s] INFO:colcon.colcon_core.shell:Creating prefix script '/home/alan/Documents/bristol_fsai_sim-docker/install/local_setup.bash'
[3.324s] INFO:colcon.colcon_core.shell:Creating prefix chain script '/home/alan/Documents/bristol_fsai_sim-docker/install/setup.bash'
[3.325s] INFO:colcon.colcon_core.shell:Creating prefix script '/home/alan/Documents/bristol_fsai_sim-docker/install/local_setup.zsh'
[3.326s] INFO:colcon.colcon_core.shell:Creating prefix chain script '/home/alan/Documents/bristol_fsai_sim-docker/install/setup.zsh'
